Apache Maven 3.9.5 (57804ffe001d7215b5e7bcb531cf83df38f93546)
Maven home: C:\Program Files\Java\apache-maven-3.9.5
Java version: 17.0.9, vendor: Oracle Corporation, runtime: C:\Program Files\Java\jdk-17
Default locale: es_ES, platform encoding: Cp1252
OS name: "windows 11", version: "10.0", arch: "amd64", family: "windows"
[DEBUG] Created new class realm maven.api
[DEBUG] Importing foreign packages into class realm maven.api
[DEBUG]   Imported: javax.annotation.* < plexus.core
[DEBUG]   Imported: javax.annotation.security.* < plexus.core
[DEBUG]   Imported: javax.inject.* < plexus.core
[DEBUG]   Imported: org.apache.maven.* < plexus.core
[DEBUG]   Imported: org.apache.maven.artifact < plexus.core
[DEBUG]   Imported: org.apache.maven.classrealm < plexus.core
[DEBUG]   Imported: org.apache.maven.cli < plexus.core
[DEBUG]   Imported: org.apache.maven.configuration < plexus.core
[DEBUG]   Imported: org.apache.maven.exception < plexus.core
[DEBUG]   Imported: org.apache.maven.execution < plexus.core
[DEBUG]   Imported: org.apache.maven.execution.scope < plexus.core
[DEBUG]   Imported: org.apache.maven.graph < plexus.core
[DEBUG]   Imported: org.apache.maven.lifecycle < plexus.core
[DEBUG]   Imported: org.apache.maven.model < plexus.core
[DEBUG]   Imported: org.apache.maven.monitor < plexus.core
[DEBUG]   Imported: org.apache.maven.plugin < plexus.core
[DEBUG]   Imported: org.apache.maven.profiles < plexus.core
[DEBUG]   Imported: org.apache.maven.project < plexus.core
[DEBUG]   Imported: org.apache.maven.reporting < plexus.core
[DEBUG]   Imported: org.apache.maven.repository < plexus.core
[DEBUG]   Imported: org.apache.maven.rtinfo < plexus.core
[DEBUG]   Imported: org.apache.maven.settings < plexus.core
[DEBUG]   Imported: org.apache.maven.toolchain < plexus.core
[DEBUG]   Imported: org.apache.maven.usability < plexus.core
[DEBUG]   Imported: org.apache.maven.wagon.* < plexus.core
[DEBUG]   Imported: org.apache.maven.wagon.authentication < plexus.core
[DEBUG]   Imported: org.apache.maven.wagon.authorization < plexus.core
[DEBUG]   Imported: org.apache.maven.wagon.events < plexus.core
[DEBUG]   Imported: org.apache.maven.wagon.observers < plexus.core
[DEBUG]   Imported: org.apache.maven.wagon.proxy < plexus.core
[DEBUG]   Imported: org.apache.maven.wagon.repository < plexus.core
[DEBUG]   Imported: org.apache.maven.wagon.resource < plexus.core
[DEBUG]   Imported: org.codehaus.classworlds < plexus.core
[DEBUG]   Imported: org.codehaus.plexus.* < plexus.core
[DEBUG]   Imported: org.codehaus.plexus.classworlds < plexus.core
[DEBUG]   Imported: org.codehaus.plexus.component < plexus.core
[DEBUG]   Imported: org.codehaus.plexus.configuration < plexus.core
[DEBUG]   Imported: org.codehaus.plexus.container < plexus.core
[DEBUG]   Imported: org.codehaus.plexus.context < plexus.core
[DEBUG]   Imported: org.codehaus.plexus.lifecycle < plexus.core
[DEBUG]   Imported: org.codehaus.plexus.logging < plexus.core
[DEBUG]   Imported: org.codehaus.plexus.personality < plexus.core
[DEBUG]   Imported: org.codehaus.plexus.util.xml.Xpp3Dom < plexus.core
[DEBUG]   Imported: org.codehaus.plexus.util.xml.pull.XmlPullParser < plexus.core
[DEBUG]   Imported: org.codehaus.plexus.util.xml.pull.XmlPullParserException < plexus.core
[DEBUG]   Imported: org.codehaus.plexus.util.xml.pull.XmlSerializer < plexus.core
[DEBUG]   Imported: org.eclipse.aether.* < plexus.core
[DEBUG]   Imported: org.eclipse.aether.artifact < plexus.core
[DEBUG]   Imported: org.eclipse.aether.collection < plexus.core
[DEBUG]   Imported: org.eclipse.aether.deployment < plexus.core
[DEBUG]   Imported: org.eclipse.aether.graph < plexus.core
[DEBUG]   Imported: org.eclipse.aether.impl < plexus.core
[DEBUG]   Imported: org.eclipse.aether.installation < plexus.core
[DEBUG]   Imported: org.eclipse.aether.internal.impl < plexus.core
[DEBUG]   Imported: org.eclipse.aether.metadata < plexus.core
[DEBUG]   Imported: org.eclipse.aether.repository < plexus.core
[DEBUG]   Imported: org.eclipse.aether.resolution < plexus.core
[DEBUG]   Imported: org.eclipse.aether.spi < plexus.core
[DEBUG]   Imported: org.eclipse.aether.transfer < plexus.core
[DEBUG]   Imported: org.eclipse.aether.util < plexus.core
[DEBUG]   Imported: org.eclipse.aether.version < plexus.core
[DEBUG]   Imported: org.fusesource.jansi.* < plexus.core
[DEBUG]   Imported: org.slf4j.* < plexus.core
[DEBUG]   Imported: org.slf4j.event.* < plexus.core
[DEBUG]   Imported: org.slf4j.helpers.* < plexus.core
[DEBUG]   Imported: org.slf4j.spi.* < plexus.core
[DEBUG] Populating class realm maven.api
[DEBUG] Created adapter factory; available factories [file-lock, rwlock-local, semaphore-local, noop]; available name mappers [discriminating, file-gav, file-hgav, file-static, gav, static]
[INFO] Error stacktraces are turned on.
[DEBUG] Message scheme: color
[DEBUG] Message styles: debug info warning error success failure strong mojo project
[DEBUG] Reading global settings from C:\Program Files\Java\apache-maven-3.9.5\conf\settings.xml
[DEBUG] Reading user settings from C:\Users\betan\.m2\settings.xml
[DEBUG] Reading global toolchains from C:\Program Files\Java\apache-maven-3.9.5\conf\toolchains.xml
[DEBUG] Reading user toolchains from C:\Users\betan\.m2\toolchains.xml
[DEBUG] Using local repository at C:\Users\betan\.m2\repository
[DEBUG] Using manager EnhancedLocalRepositoryManager with priority 10.0 for C:\Users\betan\.m2\repository
[INFO] Scanning for projects...
[DEBUG] Extension realms for project com.weatherapp:weather-app:jar:1.0.0: (none)
[DEBUG] Looking up lifecycle mappings for packaging jar from ClassRealm[plexus.core, parent: null]
[DEBUG] === REACTOR BUILD PLAN ================================================
[DEBUG] Project: com.weatherapp:weather-app:jar:1.0.0
[DEBUG] Tasks:   [clean, test]
[DEBUG] Style:   Regular
[DEBUG] =======================================================================
[INFO] 
[INFO] ---------------------< com.weatherapp:weather-app >---------------------
[INFO] Building Weather App 1.0.0
[INFO]   from pom.xml
[INFO] --------------------------------[ jar ]---------------------------------
[DEBUG] Lifecycle clean -> [pre-clean, clean, post-clean]
[DEBUG] Lifecycle default -> [validate, initialize, generate-sources, process-sources, generate-resources, process-resources, compile, process-classes, generate-test-sources, process-test-sources, generate-test-resources, process-test-resources, test-compile, process-test-classes, test, prepare-package, package, pre-integration-test, integration-test, post-integration-test, verify, install, deploy]
[DEBUG] Lifecycle site -> [pre-site, site, post-site, site-deploy]
[DEBUG] Lifecycle clean -> [pre-clean, clean, post-clean]
[DEBUG] Lifecycle default -> [validate, initialize, generate-sources, process-sources, generate-resources, process-resources, compile, process-classes, generate-test-sources, process-test-sources, generate-test-resources, process-test-resources, test-compile, process-test-classes, test, prepare-package, package, pre-integration-test, integration-test, post-integration-test, verify, install, deploy]
[DEBUG] Lifecycle site -> [pre-site, site, post-site, site-deploy]
[DEBUG] Creating adapter using nameMapper 'gav' and factory 'rwlock-local'
[DEBUG] Lifecycle clean -> [pre-clean, clean, post-clean]
[DEBUG] Lifecycle default -> [validate, initialize, generate-sources, process-sources, generate-resources, process-resources, compile, process-classes, generate-test-sources, process-test-sources, generate-test-resources, process-test-resources, test-compile, process-test-classes, test, prepare-package, package, pre-integration-test, integration-test, post-integration-test, verify, install, deploy]
[DEBUG] Lifecycle site -> [pre-site, site, post-site, site-deploy]
[DEBUG] Lifecycle clean -> [pre-clean, clean, post-clean]
[DEBUG] Lifecycle default -> [validate, initialize, generate-sources, process-sources, generate-resources, process-resources, compile, process-classes, generate-test-sources, process-test-sources, generate-test-resources, process-test-resources, test-compile, process-test-classes, test, prepare-package, package, pre-integration-test, integration-test, post-integration-test, verify, install, deploy]
[DEBUG] Lifecycle site -> [pre-site, site, post-site, site-deploy]
[DEBUG] Lifecycle clean -> [pre-clean, clean, post-clean]
[DEBUG] Lifecycle default -> [validate, initialize, generate-sources, process-sources, generate-resources, process-resources, compile, process-classes, generate-test-sources, process-test-sources, generate-test-resources, process-test-resources, test-compile, process-test-classes, test, prepare-package, package, pre-integration-test, integration-test, post-integration-test, verify, install, deploy]
[DEBUG] Lifecycle site -> [pre-site, site, post-site, site-deploy]
[DEBUG] Lifecycle clean -> [pre-clean, clean, post-clean]
[DEBUG] Lifecycle default -> [validate, initialize, generate-sources, process-sources, generate-resources, process-resources, compile, process-classes, generate-test-sources, process-test-sources, generate-test-resources, process-test-resources, test-compile, process-test-classes, test, prepare-package, package, pre-integration-test, integration-test, post-integration-test, verify, install, deploy]
[DEBUG] Lifecycle site -> [pre-site, site, post-site, site-deploy]
[DEBUG] Lifecycle clean -> [pre-clean, clean, post-clean]
[DEBUG] Lifecycle default -> [validate, initialize, generate-sources, process-sources, generate-resources, process-resources, compile, process-classes, generate-test-sources, process-test-sources, generate-test-resources, process-test-resources, test-compile, process-test-classes, test, prepare-package, package, pre-integration-test, integration-test, post-integration-test, verify, install, deploy]
[DEBUG] Lifecycle site -> [pre-site, site, post-site, site-deploy]
[DEBUG] Lifecycle clean -> [pre-clean, clean, post-clean]
[DEBUG] Lifecycle default -> [validate, initialize, generate-sources, process-sources, generate-resources, process-resources, compile, process-classes, generate-test-sources, process-test-sources, generate-test-resources, process-test-resources, test-compile, process-test-classes, test, prepare-package, package, pre-integration-test, integration-test, post-integration-test, verify, install, deploy]
[DEBUG] Lifecycle site -> [pre-site, site, post-site, site-deploy]
[DEBUG] === PROJECT BUILD PLAN ================================================
[DEBUG] Project:       com.weatherapp:weather-app:1.0.0
[DEBUG] Dependencies (collect): []
[DEBUG] Dependencies (resolve): [compile, test]
[DEBUG] Repositories (dependencies): [central (https://repo.maven.apache.org/maven2, default, releases)]
[DEBUG] Repositories (plugins)     : [central (https://repo.maven.apache.org/maven2, default, releases)]
[DEBUG] -----------------------------------------------------------------------
[DEBUG] Goal:          org.apache.maven.plugins:maven-clean-plugin:3.2.0:clean (default-clean)
[DEBUG] Style:         Regular
[DEBUG] Configuration: <?xml version="1.0" encoding="UTF-8"?>
<configuration>
  <directory default-value="${project.build.directory}"/>
  <excludeDefaultDirectories default-value="false">${maven.clean.excludeDefaultDirectories}</excludeDefaultDirectories>
  <failOnError default-value="true">${maven.clean.failOnError}</failOnError>
  <fast default-value="false">${maven.clean.fast}</fast>
  <fastDir>${maven.clean.fastDir}</fastDir>
  <fastMode default-value="background">${maven.clean.fastMode}</fastMode>
  <followSymLinks default-value="false">${maven.clean.followSymLinks}</followSymLinks>
  <outputDirectory default-value="${project.build.outputDirectory}"/>
  <reportDirectory default-value="${project.build.outputDirectory}"/>
  <retryOnError default-value="true">${maven.clean.retryOnError}</retryOnError>
  <session default-value="${session}"/>
  <skip default-value="false">${maven.clean.skip}</skip>
  <testOutputDirectory default-value="${project.build.testOutputDirectory}"/>
  <verbose>${maven.clean.verbose}</verbose>
</configuration>
[DEBUG] -----------------------------------------------------------------------
[DEBUG] Goal:          org.apache.maven.plugins:maven-resources-plugin:3.3.1:resources (default-resources)
[DEBUG] Style:         Regular
[DEBUG] Configuration: <?xml version="1.0" encoding="UTF-8"?>
<configuration>
  <addDefaultExcludes default-value="true"/>
  <buildFilters default-value="${project.build.filters}"/>
  <encoding default-value="${project.build.sourceEncoding}"/>
  <escapeWindowsPaths default-value="true"/>
  <fileNameFiltering default-value="false"/>
  <includeEmptyDirs default-value="false"/>
  <outputDirectory default-value="${project.build.outputDirectory}"/>
  <overwrite default-value="false"/>
  <project default-value="${project}"/>
  <resources default-value="${project.resources}"/>
  <session default-value="${session}"/>
  <skip default-value="false">${maven.resources.skip}</skip>
  <supportMultiLineFiltering default-value="false"/>
  <useBuildFilters default-value="true"/>
  <useDefaultDelimiters default-value="true"/>
</configuration>
[DEBUG] -----------------------------------------------------------------------
[DEBUG] Goal:          org.apache.maven.plugins:maven-compiler-plugin:3.10.1:compile (default-compile)
[DEBUG] Style:         Regular
[DEBUG] Configuration: <?xml version="1.0" encoding="UTF-8"?>
<configuration>
  <basedir default-value="${basedir}"/>
  <buildDirectory default-value="${project.build.directory}"/>
  <compilePath default-value="${project.compileClasspathElements}"/>
  <compileSourceRoots default-value="${project.compileSourceRoots}"/>
  <compilerId default-value="javac">${maven.compiler.compilerId}</compilerId>
  <compilerReuseStrategy default-value="${reuseCreated}">${maven.compiler.compilerReuseStrategy}</compilerReuseStrategy>
  <compilerVersion>${maven.compiler.compilerVersion}</compilerVersion>
  <createMissingPackageInfoClass default-value="true">${maven.compiler.createMissingPackageInfoClass}</createMissingPackageInfoClass>
  <debug default-value="true">${maven.compiler.debug}</debug>
  <debugFileName default-value="javac"/>
  <debuglevel>${maven.compiler.debuglevel}</debuglevel>
  <enablePreview default-value="false">${maven.compiler.enablePreview}</enablePreview>
  <encoding default-value="${project.build.sourceEncoding}">UTF-8</encoding>
  <executable>${maven.compiler.executable}</executable>
  <failOnError default-value="true">${maven.compiler.failOnError}</failOnError>
  <failOnWarning default-value="false">${maven.compiler.failOnWarning}</failOnWarning>
  <forceJavacCompilerUse default-value="false">${maven.compiler.forceJavacCompilerUse}</forceJavacCompilerUse>
  <fork default-value="false">${maven.compiler.fork}</fork>
  <generatedSourcesDirectory default-value="${project.build.directory}/generated-sources/annotations"/>
  <maxmem>${maven.compiler.maxmem}</maxmem>
  <meminitial>${maven.compiler.meminitial}</meminitial>
  <mojoExecution default-value="${mojoExecution}"/>
  <optimize default-value="false">${maven.compiler.optimize}</optimize>
  <outputDirectory default-value="${project.build.outputDirectory}"/>
  <parameters default-value="false">${maven.compiler.parameters}</parameters>
  <project default-value="${project}"/>
  <projectArtifact default-value="${project.artifact}"/>
  <release>${maven.compiler.release}</release>
  <session default-value="${session}"/>
  <showDeprecation default-value="false">${maven.compiler.showDeprecation}</showDeprecation>
  <showWarnings default-value="false">${maven.compiler.showWarnings}</showWarnings>
  <skipMain>${maven.main.skip}</skipMain>
  <skipMultiThreadWarning default-value="false">${maven.compiler.skipMultiThreadWarning}</skipMultiThreadWarning>
  <source default-value="1.7">11</source>
  <staleMillis default-value="0">${lastModGranularityMs}</staleMillis>
  <target default-value="1.7">11</target>
  <useIncrementalCompilation default-value="true">${maven.compiler.useIncrementalCompilation}</useIncrementalCompilation>
  <verbose default-value="false">${maven.compiler.verbose}</verbose>
</configuration>
[DEBUG] -----------------------------------------------------------------------
[DEBUG] Goal:          org.apache.maven.plugins:maven-resources-plugin:3.3.1:testResources (default-testResources)
[DEBUG] Style:         Regular
[DEBUG] Configuration: <?xml version="1.0" encoding="UTF-8"?>
<configuration>
  <addDefaultExcludes default-value="true"/>
  <buildFilters default-value="${project.build.filters}"/>
  <encoding default-value="${project.build.sourceEncoding}"/>
  <escapeWindowsPaths default-value="true"/>
  <fileNameFiltering default-value="false"/>
  <includeEmptyDirs default-value="false"/>
  <outputDirectory default-value="${project.build.testOutputDirectory}"/>
  <overwrite default-value="false"/>
  <project default-value="${project}"/>
  <resources default-value="${project.testResources}"/>
  <session default-value="${session}"/>
  <skip default-value="false">${maven.test.skip}</skip>
  <supportMultiLineFiltering default-value="false"/>
  <useBuildFilters default-value="true"/>
  <useDefaultDelimiters default-value="true"/>
</configuration>
[DEBUG] -----------------------------------------------------------------------
[DEBUG] Goal:          org.apache.maven.plugins:maven-compiler-plugin:3.10.1:testCompile (default-testCompile)
[DEBUG] Style:         Regular
[DEBUG] Configuration: <?xml version="1.0" encoding="UTF-8"?>
<configuration>
  <basedir default-value="${basedir}"/>
  <buildDirectory default-value="${project.build.directory}"/>
  <compileSourceRoots default-value="${project.testCompileSourceRoots}"/>
  <compilerId default-value="javac">${maven.compiler.compilerId}</compilerId>
  <compilerReuseStrategy default-value="${reuseCreated}">${maven.compiler.compilerReuseStrategy}</compilerReuseStrategy>
  <compilerVersion>${maven.compiler.compilerVersion}</compilerVersion>
  <createMissingPackageInfoClass default-value="true">${maven.compiler.createMissingPackageInfoClass}</createMissingPackageInfoClass>
  <debug default-value="true">${maven.compiler.debug}</debug>
  <debugFileName default-value="javac-test"/>
  <debuglevel>${maven.compiler.debuglevel}</debuglevel>
  <enablePreview default-value="false">${maven.compiler.enablePreview}</enablePreview>
  <encoding default-value="${project.build.sourceEncoding}">UTF-8</encoding>
  <executable>${maven.compiler.executable}</executable>
  <failOnError default-value="true">${maven.compiler.failOnError}</failOnError>
  <failOnWarning default-value="false">${maven.compiler.failOnWarning}</failOnWarning>
  <forceJavacCompilerUse default-value="false">${maven.compiler.forceJavacCompilerUse}</forceJavacCompilerUse>
  <fork default-value="false">${maven.compiler.fork}</fork>
  <generatedTestSourcesDirectory default-value="${project.build.directory}/generated-test-sources/test-annotations"/>
  <maxmem>${maven.compiler.maxmem}</maxmem>
  <meminitial>${maven.compiler.meminitial}</meminitial>
  <mojoExecution default-value="${mojoExecution}"/>
  <optimize default-value="false">${maven.compiler.optimize}</optimize>
  <outputDirectory default-value="${project.build.testOutputDirectory}"/>
  <parameters default-value="false">${maven.compiler.parameters}</parameters>
  <project default-value="${project}"/>
  <release>${maven.compiler.release}</release>
  <session default-value="${session}"/>
  <showDeprecation default-value="false">${maven.compiler.showDeprecation}</showDeprecation>
  <showWarnings default-value="false">${maven.compiler.showWarnings}</showWarnings>
  <skip>${maven.test.skip}</skip>
  <skipMultiThreadWarning default-value="false">${maven.compiler.skipMultiThreadWarning}</skipMultiThreadWarning>
  <source default-value="1.7">11</source>
  <staleMillis default-value="0">${lastModGranularityMs}</staleMillis>
  <target default-value="1.7">11</target>
  <testPath default-value="${project.testClasspathElements}"/>
  <testRelease>${maven.compiler.testRelease}</testRelease>
  <testSource>${maven.compiler.testSource}</testSource>
  <testTarget>${maven.compiler.testTarget}</testTarget>
  <useIncrementalCompilation default-value="true">${maven.compiler.useIncrementalCompilation}</useIncrementalCompilation>
  <verbose default-value="false">${maven.compiler.verbose}</verbose>
</configuration>
[DEBUG] -----------------------------------------------------------------------
[DEBUG] Goal:          org.apache.maven.plugins:maven-surefire-plugin:2.22.2:test (default-test)
[DEBUG] Style:         Regular
[DEBUG] Configuration: <?xml version="1.0" encoding="UTF-8"?>
<configuration>
  <additionalClasspathElements>${maven.test.additionalClasspath}</additionalClasspathElements>
  <argLine>${argLine}</argLine>
  <basedir default-value="${basedir}"/>
  <childDelegation default-value="false">${childDelegation}</childDelegation>
  <classesDirectory default-value="${project.build.outputDirectory}"/>
  <classpathDependencyExcludes>${maven.test.dependency.excludes}</classpathDependencyExcludes>
  <debugForkedProcess>${maven.surefire.debug}</debugForkedProcess>
  <dependenciesToScan>${dependenciesToScan}</dependenciesToScan>
  <disableXmlReport default-value="false">${disableXmlReport}</disableXmlReport>
  <enableAssertions default-value="true">${enableAssertions}</enableAssertions>
  <encoding default-value="${project.reporting.outputEncoding}">${surefire.encoding}</encoding>
  <excludedGroups>${excludedGroups}</excludedGroups>
  <excludesFile>${surefire.excludesFile}</excludesFile>
  <failIfNoSpecifiedTests>${surefire.failIfNoSpecifiedTests}</failIfNoSpecifiedTests>
  <failIfNoTests>${failIfNoTests}</failIfNoTests>
  <forkCount default-value="1">${forkCount}</forkCount>
  <forkMode default-value="once">${forkMode}</forkMode>
  <forkedProcessExitTimeoutInSeconds default-value="30">${surefire.exitTimeout}</forkedProcessExitTimeoutInSeconds>
  <forkedProcessTimeoutInSeconds>${surefire.timeout}</forkedProcessTimeoutInSeconds>
  <groups>${groups}</groups>
  <includesFile>${surefire.includesFile}</includesFile>
  <junitArtifactName default-value="junit:junit">${junitArtifactName}</junitArtifactName>
  <junitPlatformArtifactName default-value="org.junit.platform:junit-platform-engine">${junitPlatformArtifactName}</junitPlatformArtifactName>
  <jvm>${jvm}</jvm>
  <localRepository default-value="${localRepository}"/>
  <objectFactory>${objectFactory}</objectFactory>
  <parallel>${parallel}</parallel>
  <parallelMavenExecution default-value="${session.parallel}"/>
  <parallelOptimized default-value="true">${parallelOptimized}</parallelOptimized>
  <parallelTestsTimeoutForcedInSeconds>${surefire.parallel.forcedTimeout}</parallelTestsTimeoutForcedInSeconds>
  <parallelTestsTimeoutInSeconds>${surefire.parallel.timeout}</parallelTestsTimeoutInSeconds>
  <perCoreThreadCount default-value="true">${perCoreThreadCount}</perCoreThreadCount>
  <pluginArtifactMap>${plugin.artifactMap}</pluginArtifactMap>
  <pluginDescriptor default-value="${plugin}"/>
  <printSummary default-value="true">${surefire.printSummary}</printSummary>
  <projectArtifactMap>${project.artifactMap}</projectArtifactMap>
  <projectBuildDirectory default-value="${project.build.directory}"/>
  <redirectTestOutputToFile default-value="false">${maven.test.redirectTestOutputToFile}</redirectTestOutputToFile>
  <remoteRepositories default-value="${project.pluginArtifactRepositories}"/>
  <reportFormat default-value="brief">${surefire.reportFormat}</reportFormat>
  <reportNameSuffix default-value="">${surefire.reportNameSuffix}</reportNameSuffix>
  <reportsDirectory default-value="${project.build.directory}/surefire-reports"/>
  <rerunFailingTestsCount default-value="0">${surefire.rerunFailingTestsCount}</rerunFailingTestsCount>
  <reuseForks default-value="true">${reuseForks}</reuseForks>
  <runOrder default-value="filesystem">${surefire.runOrder}</runOrder>
  <shutdown default-value="testset">${surefire.shutdown}</shutdown>
  <skip default-value="false">${maven.test.skip}</skip>
  <skipAfterFailureCount default-value="0">${surefire.skipAfterFailureCount}</skipAfterFailureCount>
  <skipExec>${maven.test.skip.exec}</skipExec>
  <skipTests default-value="false">${skipTests}</skipTests>
  <suiteXmlFiles>${surefire.suiteXmlFiles}</suiteXmlFiles>
  <tempDir default-value="surefire">${tempDir}</tempDir>
  <test>${test}</test>
  <testClassesDirectory default-value="${project.build.testOutputDirectory}"/>
  <testFailureIgnore default-value="false">${maven.test.failure.ignore}</testFailureIgnore>
  <testNGArtifactName default-value="org.testng:testng">${testNGArtifactName}</testNGArtifactName>
  <testSourceDirectory default-value="${project.build.testSourceDirectory}"/>
  <threadCount>${threadCount}</threadCount>
  <threadCountClasses default-value="0">${threadCountClasses}</threadCountClasses>
  <threadCountMethods default-value="0">${threadCountMethods}</threadCountMethods>
  <threadCountSuites default-value="0">${threadCountSuites}</threadCountSuites>
  <trimStackTrace default-value="true">${trimStackTrace}</trimStackTrace>
  <useFile default-value="true">${surefire.useFile}</useFile>
  <useManifestOnlyJar default-value="true">${surefire.useManifestOnlyJar}</useManifestOnlyJar>
  <useSystemClassLoader default-value="true">${surefire.useSystemClassLoader}</useSystemClassLoader>
  <useUnlimitedThreads default-value="false">${useUnlimitedThreads}</useUnlimitedThreads>
  <workingDirectory>${basedir}</workingDirectory>
  <project default-value="${project}"/>
  <session default-value="${session}"/>
</configuration>
[DEBUG] =======================================================================
[DEBUG] Dependency collection stats {ConflictMarker.analyzeTime=1354800, ConflictMarker.markTime=81600, ConflictMarker.nodeCount=29, ConflictIdSorter.graphTime=715700, ConflictIdSorter.topsortTime=394500, ConflictIdSorter.conflictIdCount=17, ConflictIdSorter.conflictIdCycleCount=0, ConflictResolver.totalTime=2867900, ConflictResolver.conflictItemCount=28, DfDependencyCollector.collectTime=64239100, DfDependencyCollector.transformTime=9675600}
[DEBUG] com.weatherapp:weather-app:jar:1.0.0
[DEBUG]    com.google.code.gson:gson:jar:2.10.1:compile
[DEBUG]    org.junit.jupiter:junit-jupiter:jar:5.9.2:test
[DEBUG]       org.junit.jupiter:junit-jupiter-api:jar:5.9.2:test
[DEBUG]          org.opentest4j:opentest4j:jar:1.2.0:test
[DEBUG]          org.junit.platform:junit-platform-commons:jar:1.9.2:test
[DEBUG]          org.apiguardian:apiguardian-api:jar:1.1.2:test
[DEBUG]       org.junit.jupiter:junit-jupiter-params:jar:5.9.2:test
[DEBUG]       org.junit.jupiter:junit-jupiter-engine:jar:5.9.2:test
[DEBUG]          org.junit.platform:junit-platform-engine:jar:1.9.2:test
[DEBUG]    org.mockito:mockito-core:jar:5.2.0:test
[DEBUG]       net.bytebuddy:byte-buddy:jar:1.14.1:test
[DEBUG]       net.bytebuddy:byte-buddy-agent:jar:1.14.1:test
[DEBUG]       org.objenesis:objenesis:jar:3.3:test
[DEBUG]    org.mockito:mockito-junit-jupiter:jar:5.2.0:test
[DEBUG]    org.slf4j:slf4j-api:jar:2.0.4:compile
[DEBUG]    ch.qos.logback:logback-classic:jar:1.4.5:compile
[DEBUG]       ch.qos.logback:logback-core:jar:1.4.5:compile
[INFO] 
[INFO] --- clean:3.2.0:clean (default-clean) @ weather-app ---
[DEBUG] Dependency collection stats {ConflictMarker.analyzeTime=22700, ConflictMarker.markTime=33300, ConflictMarker.nodeCount=3, ConflictIdSorter.graphTime=5900, ConflictIdSorter.topsortTime=7400, ConflictIdSorter.conflictIdCount=3, ConflictIdSorter.conflictIdCycleCount=0, ConflictResolver.totalTime=114900, ConflictResolver.conflictItemCount=3, DfDependencyCollector.collectTime=49641600, DfDependencyCollector.transformTime=196500}
[DEBUG] org.apache.maven.plugins:maven-clean-plugin:jar:3.2.0
[DEBUG]    org.apache.maven.shared:maven-shared-utils:jar:3.3.4:compile
[DEBUG]       commons-io:commons-io:jar:2.6:compile
[DEBUG] Created new class realm plugin>org.apache.maven.plugins:maven-clean-plugin:3.2.0
[DEBUG] Importing foreign packages into class realm plugin>org.apache.maven.plugins:maven-clean-plugin:3.2.0
[DEBUG]   Imported:  < maven.api
[DEBUG] Populating class realm plugin>org.apache.maven.plugins:maven-clean-plugin:3.2.0
[DEBUG]   Included: org.apache.maven.plugins:maven-clean-plugin:jar:3.2.0
[DEBUG]   Included: org.apache.maven.shared:maven-shared-utils:jar:3.3.4
[DEBUG]   Included: commons-io:commons-io:jar:2.6
[DEBUG] Loading mojo org.apache.maven.plugins:maven-clean-plugin:3.2.0:clean from plugin realm ClassRealm[plugin>org.apache.maven.plugins:maven-clean-plugin:3.2.0, parent: jdk.internal.loader.ClassLoaders$AppClassLoader@73d16e93]
[DEBUG] Configuring mojo execution 'org.apache.maven.plugins:maven-clean-plugin:3.2.0:clean:default-clean' with basic configurator -->
[DEBUG]   (f) directory = C:\Users\betan\weather-app\target
[DEBUG]   (f) excludeDefaultDirectories = false
[DEBUG]   (f) failOnError = true
[DEBUG]   (f) fast = false
[DEBUG]   (f) fastMode = background
[DEBUG]   (f) followSymLinks = false
[DEBUG]   (f) outputDirectory = C:\Users\betan\weather-app\target\classes
[DEBUG]   (f) reportDirectory = C:\Users\betan\weather-app\target\classes
[DEBUG]   (f) retryOnError = true
[DEBUG]   (f) session = org.apache.maven.execution.MavenSession@6d025d1d
[DEBUG]   (f) skip = false
[DEBUG]   (f) testOutputDirectory = C:\Users\betan\weather-app\target\test-classes
[DEBUG] -- end configuration --
[INFO] Deleting C:\Users\betan\weather-app\target
[INFO] Deleting file C:\Users\betan\weather-app\target\test-classes\com\weatherapp\service\WeatherServiceValidationTest.class
[INFO] Deleting file C:\Users\betan\weather-app\target\test-classes\com\weatherapp\service\WeatherServiceTest.class
[INFO] Deleting file C:\Users\betan\weather-app\target\test-classes\com\weatherapp\service\WeatherServiceTest$MockOpenMeteoClient.class
[INFO] Deleting file C:\Users\betan\weather-app\target\test-classes\com\weatherapp\service\WeatherServiceIntegrationTest.class
[INFO] Deleting file C:\Users\betan\weather-app\target\test-classes\com\weatherapp\service\WeatherServiceEdgeCasesTest.class
[INFO] Deleting directory C:\Users\betan\weather-app\target\test-classes\com\weatherapp\service
[INFO] Deleting file C:\Users\betan\weather-app\target\test-classes\com\weatherapp\integration\WeatherAppEndToEndTest.class
[INFO] Deleting directory C:\Users\betan\weather-app\target\test-classes\com\weatherapp\integration
[INFO] Deleting file C:\Users\betan\weather-app\target\test-classes\com\weatherapp\client\OpenMeteoClientWeatherTest.class
[INFO] Deleting file C:\Users\betan\weather-app\target\test-classes\com\weatherapp\client\OpenMeteoClientGeocodeTest.class
[INFO] Deleting file C:\Users\betan\weather-app\target\test-classes\com\weatherapp\client\OpenMeteoClientErrorTest.class
[INFO] Deleting directory C:\Users\betan\weather-app\target\test-classes\com\weatherapp\client
[INFO] Deleting directory C:\Users\betan\weather-app\target\test-classes\com\weatherapp
[INFO] Deleting directory C:\Users\betan\weather-app\target\test-classes\com
[INFO] Deleting directory C:\Users\betan\weather-app\target\test-classes
[INFO] Deleting file C:\Users\betan\weather-app\target\surefire-reports\TEST-com.weatherapp.service.WeatherServiceValidationTest.xml
[INFO] Deleting file C:\Users\betan\weather-app\target\surefire-reports\TEST-com.weatherapp.service.WeatherServiceTest.xml
[INFO] Deleting file C:\Users\betan\weather-app\target\surefire-reports\TEST-com.weatherapp.service.WeatherServiceIntegrationTest.xml
[INFO] Deleting file C:\Users\betan\weather-app\target\surefire-reports\TEST-com.weatherapp.service.WeatherServiceEdgeCasesTest.xml
[INFO] Deleting file C:\Users\betan\weather-app\target\surefire-reports\TEST-com.weatherapp.integration.WeatherAppEndToEndTest.xml
[INFO] Deleting file C:\Users\betan\weather-app\target\surefire-reports\TEST-com.weatherapp.client.OpenMeteoClientWeatherTest.xml
[INFO] Deleting file C:\Users\betan\weather-app\target\surefire-reports\TEST-com.weatherapp.client.OpenMeteoClientGeocodeTest.xml
[INFO] Deleting file C:\Users\betan\weather-app\target\surefire-reports\TEST-com.weatherapp.client.OpenMeteoClientErrorTest.xml
[INFO] Deleting file C:\Users\betan\weather-app\target\surefire-reports\com.weatherapp.service.WeatherServiceValidationTest.txt
[INFO] Deleting file C:\Users\betan\weather-app\target\surefire-reports\com.weatherapp.service.WeatherServiceTest.txt
[INFO] Deleting file C:\Users\betan\weather-app\target\surefire-reports\com.weatherapp.service.WeatherServiceIntegrationTest.txt
[INFO] Deleting file C:\Users\betan\weather-app\target\surefire-reports\com.weatherapp.service.WeatherServiceEdgeCasesTest.txt
[INFO] Deleting file C:\Users\betan\weather-app\target\surefire-reports\com.weatherapp.integration.WeatherAppEndToEndTest.txt
[INFO] Deleting file C:\Users\betan\weather-app\target\surefire-reports\com.weatherapp.client.OpenMeteoClientWeatherTest.txt
[INFO] Deleting file C:\Users\betan\weather-app\target\surefire-reports\com.weatherapp.client.OpenMeteoClientGeocodeTest.txt
[INFO] Deleting file C:\Users\betan\weather-app\target\surefire-reports\com.weatherapp.client.OpenMeteoClientErrorTest.txt
[INFO] Deleting file C:\Users\betan\weather-app\target\surefire-reports\2026-03-22T22-02-47_780.dumpstream
[INFO] Deleting directory C:\Users\betan\weather-app\target\surefire-reports
[INFO] Deleting file C:\Users\betan\weather-app\target\maven-status\maven-compiler-plugin\testCompile\default-testCompile\inputFiles.lst
[INFO] Deleting file C:\Users\betan\weather-app\target\maven-status\maven-compiler-plugin\testCompile\default-testCompile\createdFiles.lst
[INFO] Deleting directory C:\Users\betan\weather-app\target\maven-status\maven-compiler-plugin\testCompile\default-testCompile
[INFO] Deleting directory C:\Users\betan\weather-app\target\maven-status\maven-compiler-plugin\testCompile
[INFO] Deleting file C:\Users\betan\weather-app\target\maven-status\maven-compiler-plugin\compile\default-compile\inputFiles.lst
[INFO] Deleting file C:\Users\betan\weather-app\target\maven-status\maven-compiler-plugin\compile\default-compile\createdFiles.lst
[INFO] Deleting directory C:\Users\betan\weather-app\target\maven-status\maven-compiler-plugin\compile\default-compile
[INFO] Deleting directory C:\Users\betan\weather-app\target\maven-status\maven-compiler-plugin\compile
[INFO] Deleting directory C:\Users\betan\weather-app\target\maven-status\maven-compiler-plugin
[INFO] Deleting directory C:\Users\betan\weather-app\target\maven-status
[INFO] Deleting directory C:\Users\betan\weather-app\target\generated-test-sources\test-annotations
[INFO] Deleting directory C:\Users\betan\weather-app\target\generated-test-sources
[INFO] Deleting directory C:\Users\betan\weather-app\target\generated-sources\annotations
[INFO] Deleting directory C:\Users\betan\weather-app\target\generated-sources
[INFO] Deleting file C:\Users\betan\weather-app\target\classes\com\weatherapp\service\WeatherService.class
[INFO] Deleting directory C:\Users\betan\weather-app\target\classes\com\weatherapp\service
[INFO] Deleting file C:\Users\betan\weather-app\target\classes\com\weatherapp\presentation\ConsoleUI.class
[INFO] Deleting directory C:\Users\betan\weather-app\target\classes\com\weatherapp\presentation
[INFO] Deleting file C:\Users\betan\weather-app\target\classes\com\weatherapp\model\WeatherData.class
[INFO] Deleting file C:\Users\betan\weather-app\target\classes\com\weatherapp\model\GeoLocation.class
[INFO] Deleting directory C:\Users\betan\weather-app\target\classes\com\weatherapp\model
[INFO] Deleting file C:\Users\betan\weather-app\target\classes\com\weatherapp\Main.class
[INFO] Deleting file C:\Users\betan\weather-app\target\classes\com\weatherapp\exception\WeatherDataException.class
[INFO] Deleting file C:\Users\betan\weather-app\target\classes\com\weatherapp\exception\WeatherAppException.class
[INFO] Deleting file C:\Users\betan\weather-app\target\classes\com\weatherapp\exception\NetworkException.class
[INFO] Deleting file C:\Users\betan\weather-app\target\classes\com\weatherapp\exception\CityNotFoundException.class
[INFO] Deleting directory C:\Users\betan\weather-app\target\classes\com\weatherapp\exception
[INFO] Deleting file C:\Users\betan\weather-app\target\classes\com\weatherapp\config\TemperatureUnit.class
[INFO] Deleting file C:\Users\betan\weather-app\target\classes\com\weatherapp\config\ConfigManager.class
[INFO] Deleting file C:\Users\betan\weather-app\target\classes\com\weatherapp\config\AppConfig.class
[INFO] Deleting directory C:\Users\betan\weather-app\target\classes\com\weatherapp\config
[INFO] Deleting file C:\Users\betan\weather-app\target\classes\com\weatherapp\client\WeatherDataValidator.class
[INFO] Deleting file C:\Users\betan\weather-app\target\classes\com\weatherapp\client\WeatherDataParser.class
[INFO] Deleting file C:\Users\betan\weather-app\target\classes\com\weatherapp\client\OpenMeteoClient.class
[INFO] Deleting directory C:\Users\betan\weather-app\target\classes\com\weatherapp\client
[INFO] Deleting directory C:\Users\betan\weather-app\target\classes\com\weatherapp
[INFO] Deleting directory C:\Users\betan\weather-app\target\classes\com
[INFO] Deleting directory C:\Users\betan\weather-app\target\classes
[INFO] Deleting directory C:\Users\betan\weather-app\target
[DEBUG] Skipping non-existing directory C:\Users\betan\weather-app\target\classes
[DEBUG] Skipping non-existing directory C:\Users\betan\weather-app\target\test-classes
[DEBUG] Skipping non-existing directory C:\Users\betan\weather-app\target\classes
[INFO] 
[INFO] --- resources:3.3.1:resources (default-resources) @ weather-app ---
[DEBUG] Dependency collection stats {ConflictMarker.analyzeTime=39600, ConflictMarker.markTime=33500, ConflictMarker.nodeCount=13, ConflictIdSorter.graphTime=11300, ConflictIdSorter.topsortTime=9000, ConflictIdSorter.conflictIdCount=9, ConflictIdSorter.conflictIdCycleCount=0, ConflictResolver.totalTime=205700, ConflictResolver.conflictItemCount=13, DfDependencyCollector.collectTime=148281200, DfDependencyCollector.transformTime=315200}
[DEBUG] org.apache.maven.plugins:maven-resources-plugin:jar:3.3.1
[DEBUG]    org.codehaus.plexus:plexus-interpolation:jar:1.26:runtime
[DEBUG]    org.codehaus.plexus:plexus-utils:jar:3.5.1:compile
[DEBUG]    org.apache.maven.shared:maven-filtering:jar:3.3.1:compile
[DEBUG]       javax.inject:javax.inject:jar:1:compile
[DEBUG]       org.slf4j:slf4j-api:jar:1.7.36:compile
[DEBUG]       org.sonatype.plexus:plexus-build-api:jar:0.0.7:compile
[DEBUG]    commons-io:commons-io:jar:2.11.0:compile
[DEBUG]    org.apache.commons:commons-lang3:jar:3.12.0:compile
[DEBUG] Created new class realm plugin>org.apache.maven.plugins:maven-resources-plugin:3.3.1
[DEBUG] Importing foreign packages into class realm plugin>org.apache.maven.plugins:maven-resources-plugin:3.3.1
[DEBUG]   Imported:  < maven.api
[DEBUG] Populating class realm plugin>org.apache.maven.plugins:maven-resources-plugin:3.3.1
[DEBUG]   Included: org.apache.maven.plugins:maven-resources-plugin:jar:3.3.1
[DEBUG]   Included: org.codehaus.plexus:plexus-interpolation:jar:1.26
[DEBUG]   Included: org.codehaus.plexus:plexus-utils:jar:3.5.1
[DEBUG]   Included: org.apache.maven.shared:maven-filtering:jar:3.3.1
[DEBUG]   Included: org.sonatype.plexus:plexus-build-api:jar:0.0.7
[DEBUG]   Included: commons-io:commons-io:jar:2.11.0
[DEBUG]   Included: org.apache.commons:commons-lang3:jar:3.12.0
[DEBUG] Loading mojo org.apache.maven.plugins:maven-resources-plugin:3.3.1:resources from plugin realm ClassRealm[plugin>org.apache.maven.plugins:maven-resources-plugin:3.3.1, parent: jdk.internal.loader.ClassLoaders$AppClassLoader@73d16e93]
[DEBUG] Configuring mojo execution 'org.apache.maven.plugins:maven-resources-plugin:3.3.1:resources:default-resources' with basic configurator -->
[DEBUG]   (f) addDefaultExcludes = true
[DEBUG]   (f) buildFilters = []
[DEBUG]   (f) encoding = UTF-8
[DEBUG]   (f) escapeWindowsPaths = true
[DEBUG]   (f) fileNameFiltering = false
[DEBUG]   (s) includeEmptyDirs = false
[DEBUG]   (s) outputDirectory = C:\Users\betan\weather-app\target\classes
[DEBUG]   (s) overwrite = false
[DEBUG]   (f) project = MavenProject: com.weatherapp:weather-app:1.0.0 @ C:\Users\betan\weather-app\pom.xml
[DEBUG]   (s) resources = [Resource {targetPath: null, filtering: false, FileSet {directory: C:\Users\betan\weather-app\src\main\resources, PatternSet [includes: {}, excludes: {}]}}]
[DEBUG]   (f) session = org.apache.maven.execution.MavenSession@6d025d1d
[DEBUG]   (f) skip = false
[DEBUG]   (f) supportMultiLineFiltering = false
[DEBUG]   (f) useBuildFilters = true
[DEBUG]   (s) useDefaultDelimiters = true
[DEBUG] -- end configuration --
[DEBUG] properties used:
[DEBUG] classworlds.conf: C:\Program Files\Java\apache-maven-3.9.5\bin\m2.conf
[DEBUG] env.=C:: C:\Users\betan\weather-app
[DEBUG] env.ALLUSERSPROFILE: C:\ProgramData
[DEBUG] env.APPDATA: C:\Users\betan\AppData\Roaming
[DEBUG] env.CHROME_CRASHPAD_PIPE_NAME: \\.\pipe\crashpad_3840_MIVAZCNNDFNSPPKC
[DEBUG] env.CLASSWORLDS_JAR: "C:\Program Files\Java\apache-maven-3.9.5\boot\plexus-classworlds-2.7.0.jar"
[DEBUG] env.CLASSWORLDS_LAUNCHER: org.codehaus.plexus.classworlds.launcher.Launcher
[DEBUG] env.COLORTERM: truecolor
[DEBUG] env.COMMONPROGRAMFILES: C:\Program Files\Common Files
[DEBUG] env.COMMONPROGRAMFILES(X86): C:\Program Files (x86)\Common Files
[DEBUG] env.COMMONPROGRAMW6432: C:\Program Files\Common Files
[DEBUG] env.COMPUTERNAME: DANIELBETA
[DEBUG] env.COMSPEC: C:\WINDOWS\system32\cmd.exe
[DEBUG] env.DRIVERDATA: C:\Windows\System32\Drivers\DriverData
[DEBUG] env.EFC_19616: 1
[DEBUG] env.ERROR_CODE: 0
[DEBUG] env.EXEC_DIR: C:\Users\betan\weather-app
[DEBUG] env.FPS_BROWSER_APP_PROFILE_STRING: Internet Explorer
[DEBUG] env.FPS_BROWSER_USER_PROFILE_STRING: Default
[DEBUG] env.GIT_ASKPASS: c:\Users\betan\AppData\Roaming\Code\User\globalStorage\vscode.git\askpass\493597c785d4c5cb\askpass.sh
[DEBUG] env.GIT_EDITOR: :
[DEBUG] env.GIT_MERGE_AUTOEDIT: no
[DEBUG] env.GIT_PAGER: cat
[DEBUG] env.HOMEDRIVE: C:
[DEBUG] env.HOMEPATH: \Users\betan
[DEBUG] env.INTEL_DEV_REDIST: C:\Program Files (x86)\Common Files\Intel\Shared Libraries\
[DEBUG] env.JAVACMD: C:\Program Files\Java\jdk-17\bin\java.exe
[DEBUG] env.JAVA_HOME: C:\Program Files\Java\jdk-17
[DEBUG] env.JVMCONFIG: \.mvn\jvm.config
[DEBUG] env.LANG: en_US.UTF-8
[DEBUG] env.LOCALAPPDATA: C:\Users\betan\AppData\Local
[DEBUG] env.LOGONSERVER: \\DANIELBETA
[DEBUG] env.M2_HOME: C:\Program Files\Java\apache-maven-3.9.5
[DEBUG] env.MAVEN_CMD_LINE_ARGS: clean test -X
[DEBUG] env.MAVEN_HOME: C:\Program Files\Java\apache-maven-3.9.5
[DEBUG] env.MAVEN_PROJECTBASEDIR: C:\Users\betan\weather-app
[DEBUG] env.MIC_LD_LIBRARY_PATH: C:\Program Files (x86)\Common Files\Intel\Shared Libraries\compiler\lib\mic
[DEBUG] env.NUMBER_OF_PROCESSORS: 16
[DEBUG] env.ONEDRIVE: C:\Users\betan\OneDrive
[DEBUG] env.OPENSSL_IA32CAP: ~0x20000000
[DEBUG] env.OS: Windows_NT
[DEBUG] env.PATH: c:\Users\betan\AppData\Roaming\Code\User\globalStorage\github.copilot-chat\debugCommand;c:\Users\betan\AppData\Roaming\Code\User\globalStorage\github.copilot-chat\copilotCli;D:\Microsoft VS Code;C:\Program Files\Java\jdk-17\bin;C:\Program Files (x86)\Razer Chroma SDK\bin;C:\Program Files\Razer Chroma SDK\bin;C:\Program Files (x86)\Razer\ChromaBroadcast\bin;C:\Program Files\Razer\ChromaBroadcast\bin;C:\Program Files (x86)\Common Files\Intel\Shared Libraries\redist\intel64\compiler;C:\Windows\system32;C:\Windows;C:\Windows\System32\Wbem;C:\Windows\System32\WindowsPowerShell\v1.0\;C:\Windows\System32\OpenSSH\;C:\Program Files\dotnet\;C:\Program Files\Microsoft SQL Server\120\Tools\Binn\;C:\Program Files\Common Files\Autodesk Shared\;C:\Windows\system32\config\systemprofile\AppData\Local\Microsoft\WindowsApps;C:\Program Files (x86)\dotnet\;C:\WINDOWS\system32;C:\WINDOWS;C:\WINDOWS\System32\Wbem;C:\WINDOWS\System32\WindowsPowerShell\v1.0\;C:\WINDOWS\System32\OpenSSH\;C:\Program Files\Java\apache-maven-3.9.5\bin;D:\;C:\Program Files\Docker\Docker\resources\bin;C:\Program Files\Calibre2\;C:\Program Files (x86)\Windows Kits\10\Windows Performance Toolkit\;C:\Program Files\Git\cmd;C:\Users\betan\AppData\Local\Microsoft\WindowsApps;;D:\Microsoft VS Code\bin;C:\Users\betan\AppData\Roaming\npm;c:\Users\betan\.vscode\extensions\vscjava.vscode-java-debug-0.58.2026012907\bundled\scripts\noConfigScripts
[DEBUG] env.PATHEXT: .COM;.EXE;.BAT;.CMD;.VBS;.VBE;.JS;.JSE;.WSF;.WSH;.MSC;.CPL
[DEBUG] env.PROCESSOR_ARCHITECTURE: AMD64
[DEBUG] env.PROCESSOR_IDENTIFIER: Intel64 Family 6 Model 165 Stepping 5, GenuineIntel
[DEBUG] env.PROCESSOR_LEVEL: 6
[DEBUG] env.PROCESSOR_REVISION: a505
[DEBUG] env.PROGRAMDATA: C:\ProgramData
[DEBUG] env.PROGRAMFILES: C:\Program Files
[DEBUG] env.PROGRAMFILES(X86): C:\Program Files (x86)
[DEBUG] env.PROGRAMW6432: C:\Program Files
[DEBUG] env.PROMPT: $P$G
[DEBUG] env.PSMODULEPATH: C:\Users\betan\Documents\WindowsPowerShell\Modules;C:\Program Files\WindowsPowerShell\Modules;C:\WINDOWS\system32\WindowsPowerShell\v1.0\Modules
[DEBUG] env.PUBLIC: C:\Users\Public
[DEBUG] env.PYTHONSTARTUP: c:\Users\betan\AppData\Roaming\Code\User\workspaceStorage\4f56dce8e14a1155ff2122a83ddf884f\ms-python.python\pythonrc.py
[DEBUG] env.PYTHON_BASIC_REPL: 1
[DEBUG] env.SESSIONNAME: Console
[DEBUG] env.SYSTEMDRIVE: C:
[DEBUG] env.SYSTEMROOT: C:\WINDOWS
[DEBUG] env.TEMP: C:\Users\betan\AppData\Local\Temp
[DEBUG] env.TERM_PROGRAM: vscode
[DEBUG] env.TERM_PROGRAM_VERSION: 1.112.0
[DEBUG] env.TMP: C:\Users\betan\AppData\Local\Temp
[DEBUG] env.USERDOMAIN: DANIELBETA
[DEBUG] env.USERDOMAIN_ROAMINGPROFILE: DANIELBETA
[DEBUG] env.USERNAME: betan
[DEBUG] env.USERPROFILE: C:\Users\betan
[DEBUG] env.VSCODE_A11Y_MODE: 0
[DEBUG] env.VSCODE_GIT_ASKPASS_EXTRA_ARGS: 
[DEBUG] env.VSCODE_GIT_ASKPASS_MAIN: c:\Users\betan\AppData\Roaming\Code\User\globalStorage\vscode.git\askpass\493597c785d4c5cb\askpass-main.js
[DEBUG] env.VSCODE_GIT_ASKPASS_NODE: D:\Microsoft VS Code\Code.exe
[DEBUG] env.VSCODE_GIT_IPC_HANDLE: \\.\pipe\vscode-git-838d06001a-sock
[DEBUG] env.VSCODE_INJECTION: 1
[DEBUG] env.VSCODE_JAVA_EXEC: C:\Program Files\Java\jdk-17\bin\java
[DEBUG] env.VSCODE_JDWP_ADAPTER_ENDPOINTS: c:\Users\betan\.vscode\extensions\vscjava.vscode-java-debug-0.58.2026012907\.noConfigDebugAdapterEndpoints\endpoint-4ab0e3820dc3d5c2.txt
[DEBUG] env.VSCODE_NONCE: 495cfa6a-f6c6-4e52-8631-cd3d37329e79
[DEBUG] env.VSCODE_PREVENT_SHELL_HISTORY: 1
[DEBUG] env.VSCODE_STABLE: 1
[DEBUG] env.WDIR: C:\
[DEBUG] env.WINDIR: C:\WINDOWS
[DEBUG] env.__PSLOCKDOWNPOLICY: 0
[DEBUG] file.encoding: Cp1252
[DEBUG] file.separator: \
[DEBUG] gson.version: 2.10.1
[DEBUG] java.class.path: C:\Program Files\Java\apache-maven-3.9.5\boot\plexus-classworlds-2.7.0.jar
[DEBUG] java.class.version: 61.0
[DEBUG] java.home: C:\Program Files\Java\jdk-17
[DEBUG] java.io.tmpdir: C:\Users\betan\AppData\Local\Temp\
[DEBUG] java.library.path: C:\Program Files\Java\jdk-17\bin;C:\WINDOWS\Sun\Java\bin;C:\WINDOWS\system32;C:\WINDOWS;c:\Users\betan\AppData\Roaming\Code\User\globalStorage\github.copilot-chat\debugCommand;c:\Users\betan\AppData\Roaming\Code\User\globalStorage\github.copilot-chat\copilotCli;D:\Microsoft VS Code;C:\Program Files\Java\jdk-17\bin;C:\Program Files (x86)\Razer Chroma SDK\bin;C:\Program Files\Razer Chroma SDK\bin;C:\Program Files (x86)\Razer\ChromaBroadcast\bin;C:\Program Files\Razer\ChromaBroadcast\bin;C:\Program Files (x86)\Common Files\Intel\Shared Libraries\redist\intel64\compiler;C:\Windows\system32;C:\Windows;C:\Windows\System32\Wbem;C:\Windows\System32\WindowsPowerShell\v1.0\;C:\Windows\System32\OpenSSH\;C:\Program Files\dotnet\;C:\Program Files\Microsoft SQL Server\120\Tools\Binn\;C:\Program Files\Common Files\Autodesk Shared\;C:\Windows\system32\config\systemprofile\AppData\Local\Microsoft\WindowsApps;C:\Program Files (x86)\dotnet\;C:\WINDOWS\system32;C:\WINDOWS;C:\WINDOWS\System32\Wbem;C:\WINDOWS\System32\WindowsPowerShell\v1.0\;C:\WINDOWS\System32\OpenSSH\;C:\Program Files\Java\apache-maven-3.9.5\bin;D:\;C:\Program Files\Docker\Docker\resources\bin;C:\Program Files\Calibre2\;C:\Program Files (x86)\Windows Kits\10\Windows Performance Toolkit\;C:\Program Files\Git\cmd;C:\Users\betan\AppData\Local\Microsoft\WindowsApps;;D:\Microsoft VS Code\bin;C:\Users\betan\AppData\Roaming\npm;c:\Users\betan\.vscode\extensions\vscjava.vscode-java-debug-0.58.2026012907\bundled\scripts\noConfigScripts;.
[DEBUG] java.runtime.name: Java(TM) SE Runtime Environment
[DEBUG] java.runtime.version: 17.0.9+11-LTS-201
[DEBUG] java.specification.name: Java Platform API Specification
[DEBUG] java.specification.vendor: Oracle Corporation
[DEBUG] java.specification.version: 17
[DEBUG] java.vendor: Oracle Corporation
[DEBUG] java.vendor.url: https://java.oracle.com/
[DEBUG] java.vendor.url.bug: https://bugreport.java.com/bugreport/
[DEBUG] java.version: 17.0.9
[DEBUG] java.version.date: 2023-10-17
[DEBUG] java.vm.compressedOopsMode: Zero based
[DEBUG] java.vm.info: mixed mode, sharing
[DEBUG] java.vm.name: Java HotSpot(TM) 64-Bit Server VM
[DEBUG] java.vm.specification.name: Java Virtual Machine Specification
[DEBUG] java.vm.specification.vendor: Oracle Corporation
[DEBUG] java.vm.specification.version: 17
[DEBUG] java.vm.vendor: Oracle Corporation
[DEBUG] java.vm.version: 17.0.9+11-LTS-201
[DEBUG] jdk.debug: release
[DEBUG] junit.version: 5.9.2
[DEBUG] library.jansi.path: C:\Program Files\Java\apache-maven-3.9.5\lib\jansi-native
[DEBUG] line.separator: 

[DEBUG] maven.build.timestamp: 2026-03-24T03:06:53Z
[DEBUG] maven.build.version: Apache Maven 3.9.5 (57804ffe001d7215b5e7bcb531cf83df38f93546)
[DEBUG] maven.compiler.encoding: UTF-8
[DEBUG] maven.compiler.source: 11
[DEBUG] maven.compiler.target: 11
[DEBUG] maven.conf: C:\Program Files\Java\apache-maven-3.9.5/conf
[DEBUG] maven.home: C:\Program Files\Java\apache-maven-3.9.5
[DEBUG] maven.multiModuleProjectDirectory: C:\Users\betan\weather-app
[DEBUG] maven.version: 3.9.5
[DEBUG] mockito.version: 5.2.0
[DEBUG] native.encoding: Cp1252
[DEBUG] os.arch: amd64
[DEBUG] os.name: Windows 11
[DEBUG] os.version: 10.0
[DEBUG] path.separator: ;
[DEBUG] project.baseUri: file:/C:/Users/betan/weather-app/
[DEBUG] project.build.sourceEncoding: UTF-8
[DEBUG] project.reporting.outputEncoding: UTF-8
[DEBUG] sun.arch.data.model: 64
[DEBUG] sun.boot.library.path: C:\Program Files\Java\jdk-17\bin
[DEBUG] sun.cpu.endian: little
[DEBUG] sun.cpu.isalist: amd64
[DEBUG] sun.io.unicode.encoding: UnicodeLittle
[DEBUG] sun.java.command: org.codehaus.plexus.classworlds.launcher.Launcher clean test -X
[DEBUG] sun.java.launcher: SUN_STANDARD
[DEBUG] sun.jnu.encoding: Cp1252
[DEBUG] sun.management.compiler: HotSpot 64-Bit Tiered Compilers
[DEBUG] sun.os.patch.level: 
[DEBUG] user.country: ES
[DEBUG] user.dir: C:\Users\betan\weather-app
[DEBUG] user.home: C:\Users\betan
[DEBUG] user.language: es
[DEBUG] user.name: betan
[DEBUG] user.script: 
[DEBUG] user.variant: 
[DEBUG] Using 'UTF-8' encoding to copy filtered resources.
[DEBUG] Using 'UTF-8' encoding to copy filtered properties files.
[DEBUG] resource with targetPath null
directory C:\Users\betan\weather-app\src\main\resources
excludes []
includes []
[INFO] skip non existing resourceDirectory C:\Users\betan\weather-app\src\main\resources
[DEBUG] no user filter components
[INFO] 
[INFO] --- compiler:3.10.1:compile (default-compile) @ weather-app ---
[DEBUG] Using mirror maven-default-http-blocker (http://0.0.0.0/) for apache.snapshots (http://repository.apache.org/snapshots).
[DEBUG] Using mirror maven-default-http-blocker (http://0.0.0.0/) for ow2-snapshot (http://repository.ow2.org/nexus/content/repositories/snapshots).
[DEBUG] Dependency collection stats {ConflictMarker.analyzeTime=39500, ConflictMarker.markTime=35000, ConflictMarker.nodeCount=17, ConflictIdSorter.graphTime=30000, ConflictIdSorter.topsortTime=12700, ConflictIdSorter.conflictIdCount=12, ConflictIdSorter.conflictIdCycleCount=0, ConflictResolver.totalTime=346400, ConflictResolver.conflictItemCount=17, DfDependencyCollector.collectTime=176833900, DfDependencyCollector.transformTime=476900}
[DEBUG] org.apache.maven.plugins:maven-compiler-plugin:jar:3.10.1
[DEBUG]    org.apache.maven.shared:maven-shared-utils:jar:3.3.4:compile
[DEBUG]       commons-io:commons-io:jar:2.6:compile
[DEBUG]    org.apache.maven.shared:maven-shared-incremental:jar:1.1:compile
[DEBUG]       org.codehaus.plexus:plexus-component-annotations:jar:2.0.0:compile (version managed from default)
[DEBUG]    org.codehaus.plexus:plexus-java:jar:1.1.1:compile
[DEBUG]       org.ow2.asm:asm:jar:9.2:compile
[DEBUG]       com.thoughtworks.qdox:qdox:jar:2.0.1:compile (version managed from default)
[DEBUG]    org.codehaus.plexus:plexus-compiler-api:jar:2.11.1:compile
[DEBUG]       org.codehaus.plexus:plexus-utils:jar:3.4.1:compile
[DEBUG]    org.codehaus.plexus:plexus-compiler-manager:jar:2.11.1:compile
[DEBUG]    org.codehaus.plexus:plexus-compiler-javac:jar:2.11.1:runtime
[DEBUG] Created new class realm plugin>org.apache.maven.plugins:maven-compiler-plugin:3.10.1
[DEBUG] Importing foreign packages into class realm plugin>org.apache.maven.plugins:maven-compiler-plugin:3.10.1
[DEBUG]   Imported:  < maven.api
[DEBUG] Populating class realm plugin>org.apache.maven.plugins:maven-compiler-plugin:3.10.1
[DEBUG]   Included: org.apache.maven.plugins:maven-compiler-plugin:jar:3.10.1
[DEBUG]   Included: org.apache.maven.shared:maven-shared-utils:jar:3.3.4
[DEBUG]   Included: commons-io:commons-io:jar:2.6
[DEBUG]   Included: org.apache.maven.shared:maven-shared-incremental:jar:1.1
[DEBUG]   Included: org.codehaus.plexus:plexus-component-annotations:jar:2.0.0
[DEBUG]   Included: org.codehaus.plexus:plexus-java:jar:1.1.1
[DEBUG]   Included: org.ow2.asm:asm:jar:9.2
[DEBUG]   Included: com.thoughtworks.qdox:qdox:jar:2.0.1
[DEBUG]   Included: org.codehaus.plexus:plexus-compiler-api:jar:2.11.1
[DEBUG]   Included: org.codehaus.plexus:plexus-utils:jar:3.4.1
[DEBUG]   Included: org.codehaus.plexus:plexus-compiler-manager:jar:2.11.1
[DEBUG]   Included: org.codehaus.plexus:plexus-compiler-javac:jar:2.11.1
[DEBUG] Loading mojo org.apache.maven.plugins:maven-compiler-plugin:3.10.1:compile from plugin realm ClassRealm[plugin>org.apache.maven.plugins:maven-compiler-plugin:3.10.1, parent: jdk.internal.loader.ClassLoaders$AppClassLoader@73d16e93]
[DEBUG] Configuring mojo execution 'org.apache.maven.plugins:maven-compiler-plugin:3.10.1:compile:default-compile' with basic configurator -->
[DEBUG]   (f) basedir = C:\Users\betan\weather-app
[DEBUG]   (f) buildDirectory = C:\Users\betan\weather-app\target
[DEBUG]   (f) compilePath = [C:\Users\betan\weather-app\target\classes, C:\Users\betan\.m2\repository\com\google\code\gson\gson\2.10.1\gson-2.10.1.jar, C:\Users\betan\.m2\repository\org\slf4j\slf4j-api\2.0.4\slf4j-api-2.0.4.jar, C:\Users\betan\.m2\repository\ch\qos\logback\logback-classic\1.4.5\logback-classic-1.4.5.jar, C:\Users\betan\.m2\repository\ch\qos\logback\logback-core\1.4.5\logback-core-1.4.5.jar]
[DEBUG]   (f) compileSourceRoots = [C:\Users\betan\weather-app\src\main\java]
[DEBUG]   (f) compilerId = javac
[DEBUG]   (f) createMissingPackageInfoClass = true
[DEBUG]   (f) debug = true
[DEBUG]   (f) debugFileName = javac
[DEBUG]   (f) enablePreview = false
[DEBUG]   (f) encoding = UTF-8
[DEBUG]   (f) failOnError = true
[DEBUG]   (f) failOnWarning = false
[DEBUG]   (f) forceJavacCompilerUse = false
[DEBUG]   (f) fork = false
[DEBUG]   (f) generatedSourcesDirectory = C:\Users\betan\weather-app\target\generated-sources\annotations
[DEBUG]   (f) mojoExecution = org.apache.maven.plugins:maven-compiler-plugin:3.10.1:compile {execution: default-compile}
[DEBUG]   (f) optimize = false
[DEBUG]   (f) outputDirectory = C:\Users\betan\weather-app\target\classes
[DEBUG]   (f) parameters = false
[DEBUG]   (f) project = MavenProject: com.weatherapp:weather-app:1.0.0 @ C:\Users\betan\weather-app\pom.xml
[DEBUG]   (f) projectArtifact = com.weatherapp:weather-app:jar:1.0.0
[DEBUG]   (f) session = org.apache.maven.execution.MavenSession@6d025d1d
[DEBUG]   (f) showDeprecation = false
[DEBUG]   (f) showWarnings = false
[DEBUG]   (f) skipMultiThreadWarning = false
[DEBUG]   (f) source = 11
[DEBUG]   (f) staleMillis = 0
[DEBUG]   (s) target = 11
[DEBUG]   (f) useIncrementalCompilation = true
[DEBUG]   (f) verbose = false
[DEBUG] -- end configuration --
[DEBUG] Using compiler 'javac'.
[DEBUG] Adding C:\Users\betan\weather-app\target\generated-sources\annotations to compile source roots:
  C:\Users\betan\weather-app\src\main\java
[DEBUG] New compile source roots:
  C:\Users\betan\weather-app\src\main\java
  C:\Users\betan\weather-app\target\generated-sources\annotations
[DEBUG] CompilerReuseStrategy: reuseCreated
[DEBUG] useIncrementalCompilation enabled
[DEBUG] Stale source detected: C:\Users\betan\weather-app\src\main\java\com\weatherapp\model\GeoLocation.java
[DEBUG] Stale source detected: C:\Users\betan\weather-app\src\main\java\com\weatherapp\service\WeatherService.java
[DEBUG] Stale source detected: C:\Users\betan\weather-app\src\main\java\com\weatherapp\config\ConfigManager.java
[DEBUG] Stale source detected: C:\Users\betan\weather-app\src\main\java\com\weatherapp\config\AppConfig.java
[DEBUG] Stale source detected: C:\Users\betan\weather-app\src\main\java\com\weatherapp\model\WeatherData.java
[DEBUG] Stale source detected: C:\Users\betan\weather-app\src\main\java\com\weatherapp\client\OpenMeteoClient.java
[DEBUG] Stale source detected: C:\Users\betan\weather-app\src\main\java\com\weatherapp\client\WeatherDataParser.java
[DEBUG] Stale source detected: C:\Users\betan\weather-app\src\main\java\com\weatherapp\exception\WeatherAppException.java
[DEBUG] Stale source detected: C:\Users\betan\weather-app\src\main\java\com\weatherapp\exception\WeatherDataException.java
[DEBUG] Stale source detected: C:\Users\betan\weather-app\src\main\java\com\weatherapp\presentation\ConsoleUI.java
[DEBUG] Stale source detected: C:\Users\betan\weather-app\src\main\java\com\weatherapp\client\WeatherDataValidator.java
[DEBUG] Stale source detected: C:\Users\betan\weather-app\src\main\java\com\weatherapp\exception\NetworkException.java
[DEBUG] Stale source detected: C:\Users\betan\weather-app\src\main\java\com\weatherapp\config\TemperatureUnit.java
[DEBUG] Stale source detected: C:\Users\betan\weather-app\src\main\java\com\weatherapp\exception\CityNotFoundException.java
[DEBUG] Stale source detected: C:\Users\betan\weather-app\src\main\java\com\weatherapp\Main.java
[INFO] Changes detected - recompiling the module!
[DEBUG] Classpath:
[DEBUG]  C:\Users\betan\weather-app\target\classes
[DEBUG]  C:\Users\betan\.m2\repository\com\google\code\gson\gson\2.10.1\gson-2.10.1.jar
[DEBUG]  C:\Users\betan\.m2\repository\org\slf4j\slf4j-api\2.0.4\slf4j-api-2.0.4.jar
[DEBUG]  C:\Users\betan\.m2\repository\ch\qos\logback\logback-classic\1.4.5\logback-classic-1.4.5.jar
[DEBUG]  C:\Users\betan\.m2\repository\ch\qos\logback\logback-core\1.4.5\logback-core-1.4.5.jar
[DEBUG] Source roots:
[DEBUG]  C:\Users\betan\weather-app\src\main\java
[DEBUG]  C:\Users\betan\weather-app\target\generated-sources\annotations
[DEBUG] Command line options:
[DEBUG] -d C:\Users\betan\weather-app\target\classes -classpath C:\Users\betan\weather-app\target\classes;C:\Users\betan\.m2\repository\com\google\code\gson\gson\2.10.1\gson-2.10.1.jar;C:\Users\betan\.m2\repository\org\slf4j\slf4j-api\2.0.4\slf4j-api-2.0.4.jar;C:\Users\betan\.m2\repository\ch\qos\logback\logback-classic\1.4.5\logback-classic-1.4.5.jar;C:\Users\betan\.m2\repository\ch\qos\logback\logback-core\1.4.5\logback-core-1.4.5.jar; -sourcepath C:\Users\betan\weather-app\src\main\java;C:\Users\betan\weather-app\target\generated-sources\annotations; -s C:\Users\betan\weather-app\target\generated-sources\annotations -g -nowarn -target 11 -source 11 -encoding UTF-8
[DEBUG] incrementalBuildHelper#beforeRebuildExecution
[INFO] Compiling 15 source files to C:\Users\betan\weather-app\target\classes
[DEBUG] incrementalBuildHelper#afterRebuildExecution
[INFO] 
[INFO] --- resources:3.3.1:testResources (default-testResources) @ weather-app ---
[DEBUG] Loading mojo org.apache.maven.plugins:maven-resources-plugin:3.3.1:testResources from plugin realm ClassRealm[plugin>org.apache.maven.plugins:maven-resources-plugin:3.3.1, parent: jdk.internal.loader.ClassLoaders$AppClassLoader@73d16e93]
[DEBUG] Configuring mojo execution 'org.apache.maven.plugins:maven-resources-plugin:3.3.1:testResources:default-testResources' with basic configurator -->
[DEBUG]   (f) addDefaultExcludes = true
[DEBUG]   (f) buildFilters = []
[DEBUG]   (f) encoding = UTF-8
[DEBUG]   (f) escapeWindowsPaths = true
[DEBUG]   (f) fileNameFiltering = false
[DEBUG]   (s) includeEmptyDirs = false
[DEBUG]   (s) outputDirectory = C:\Users\betan\weather-app\target\test-classes
[DEBUG]   (s) overwrite = false
[DEBUG]   (f) project = MavenProject: com.weatherapp:weather-app:1.0.0 @ C:\Users\betan\weather-app\pom.xml
[DEBUG]   (s) resources = [Resource {targetPath: null, filtering: false, FileSet {directory: C:\Users\betan\weather-app\src\test\resources, PatternSet [includes: {}, excludes: {}]}}]
[DEBUG]   (f) session = org.apache.maven.execution.MavenSession@6d025d1d
[DEBUG]   (f) skip = false
[DEBUG]   (f) supportMultiLineFiltering = false
[DEBUG]   (f) useBuildFilters = true
[DEBUG]   (s) useDefaultDelimiters = true
[DEBUG] -- end configuration --
[DEBUG] properties used:
[DEBUG] classworlds.conf: C:\Program Files\Java\apache-maven-3.9.5\bin\m2.conf
[DEBUG] env.=C:: C:\Users\betan\weather-app
[DEBUG] env.ALLUSERSPROFILE: C:\ProgramData
[DEBUG] env.APPDATA: C:\Users\betan\AppData\Roaming
[DEBUG] env.CHROME_CRASHPAD_PIPE_NAME: \\.\pipe\crashpad_3840_MIVAZCNNDFNSPPKC
[DEBUG] env.CLASSWORLDS_JAR: "C:\Program Files\Java\apache-maven-3.9.5\boot\plexus-classworlds-2.7.0.jar"
[DEBUG] env.CLASSWORLDS_LAUNCHER: org.codehaus.plexus.classworlds.launcher.Launcher
[DEBUG] env.COLORTERM: truecolor
[DEBUG] env.COMMONPROGRAMFILES: C:\Program Files\Common Files
[DEBUG] env.COMMONPROGRAMFILES(X86): C:\Program Files (x86)\Common Files
[DEBUG] env.COMMONPROGRAMW6432: C:\Program Files\Common Files
[DEBUG] env.COMPUTERNAME: DANIELBETA
[DEBUG] env.COMSPEC: C:\WINDOWS\system32\cmd.exe
[DEBUG] env.DRIVERDATA: C:\Windows\System32\Drivers\DriverData
[DEBUG] env.EFC_19616: 1
[DEBUG] env.ERROR_CODE: 0
[DEBUG] env.EXEC_DIR: C:\Users\betan\weather-app
[DEBUG] env.FPS_BROWSER_APP_PROFILE_STRING: Internet Explorer
[DEBUG] env.FPS_BROWSER_USER_PROFILE_STRING: Default
[DEBUG] env.GIT_ASKPASS: c:\Users\betan\AppData\Roaming\Code\User\globalStorage\vscode.git\askpass\493597c785d4c5cb\askpass.sh
[DEBUG] env.GIT_EDITOR: :
[DEBUG] env.GIT_MERGE_AUTOEDIT: no
[DEBUG] env.GIT_PAGER: cat
[DEBUG] env.HOMEDRIVE: C:
[DEBUG] env.HOMEPATH: \Users\betan
[DEBUG] env.INTEL_DEV_REDIST: C:\Program Files (x86)\Common Files\Intel\Shared Libraries\
[DEBUG] env.JAVACMD: C:\Program Files\Java\jdk-17\bin\java.exe
[DEBUG] env.JAVA_HOME: C:\Program Files\Java\jdk-17
[DEBUG] env.JVMCONFIG: \.mvn\jvm.config
[DEBUG] env.LANG: en_US.UTF-8
[DEBUG] env.LOCALAPPDATA: C:\Users\betan\AppData\Local
[DEBUG] env.LOGONSERVER: \\DANIELBETA
[DEBUG] env.M2_HOME: C:\Program Files\Java\apache-maven-3.9.5
[DEBUG] env.MAVEN_CMD_LINE_ARGS: clean test -X
[DEBUG] env.MAVEN_HOME: C:\Program Files\Java\apache-maven-3.9.5
[DEBUG] env.MAVEN_PROJECTBASEDIR: C:\Users\betan\weather-app
[DEBUG] env.MIC_LD_LIBRARY_PATH: C:\Program Files (x86)\Common Files\Intel\Shared Libraries\compiler\lib\mic
[DEBUG] env.NUMBER_OF_PROCESSORS: 16
[DEBUG] env.ONEDRIVE: C:\Users\betan\OneDrive
[DEBUG] env.OPENSSL_IA32CAP: ~0x20000000
[DEBUG] env.OS: Windows_NT
[DEBUG] env.PATH: c:\Users\betan\AppData\Roaming\Code\User\globalStorage\github.copilot-chat\debugCommand;c:\Users\betan\AppData\Roaming\Code\User\globalStorage\github.copilot-chat\copilotCli;D:\Microsoft VS Code;C:\Program Files\Java\jdk-17\bin;C:\Program Files (x86)\Razer Chroma SDK\bin;C:\Program Files\Razer Chroma SDK\bin;C:\Program Files (x86)\Razer\ChromaBroadcast\bin;C:\Program Files\Razer\ChromaBroadcast\bin;C:\Program Files (x86)\Common Files\Intel\Shared Libraries\redist\intel64\compiler;C:\Windows\system32;C:\Windows;C:\Windows\System32\Wbem;C:\Windows\System32\WindowsPowerShell\v1.0\;C:\Windows\System32\OpenSSH\;C:\Program Files\dotnet\;C:\Program Files\Microsoft SQL Server\120\Tools\Binn\;C:\Program Files\Common Files\Autodesk Shared\;C:\Windows\system32\config\systemprofile\AppData\Local\Microsoft\WindowsApps;C:\Program Files (x86)\dotnet\;C:\WINDOWS\system32;C:\WINDOWS;C:\WINDOWS\System32\Wbem;C:\WINDOWS\System32\WindowsPowerShell\v1.0\;C:\WINDOWS\System32\OpenSSH\;C:\Program Files\Java\apache-maven-3.9.5\bin;D:\;C:\Program Files\Docker\Docker\resources\bin;C:\Program Files\Calibre2\;C:\Program Files (x86)\Windows Kits\10\Windows Performance Toolkit\;C:\Program Files\Git\cmd;C:\Users\betan\AppData\Local\Microsoft\WindowsApps;;D:\Microsoft VS Code\bin;C:\Users\betan\AppData\Roaming\npm;c:\Users\betan\.vscode\extensions\vscjava.vscode-java-debug-0.58.2026012907\bundled\scripts\noConfigScripts
[DEBUG] env.PATHEXT: .COM;.EXE;.BAT;.CMD;.VBS;.VBE;.JS;.JSE;.WSF;.WSH;.MSC;.CPL
[DEBUG] env.PROCESSOR_ARCHITECTURE: AMD64
[DEBUG] env.PROCESSOR_IDENTIFIER: Intel64 Family 6 Model 165 Stepping 5, GenuineIntel
[DEBUG] env.PROCESSOR_LEVEL: 6
[DEBUG] env.PROCESSOR_REVISION: a505
[DEBUG] env.PROGRAMDATA: C:\ProgramData
[DEBUG] env.PROGRAMFILES: C:\Program Files
[DEBUG] env.PROGRAMFILES(X86): C:\Program Files (x86)
[DEBUG] env.PROGRAMW6432: C:\Program Files
[DEBUG] env.PROMPT: $P$G
[DEBUG] env.PSMODULEPATH: C:\Users\betan\Documents\WindowsPowerShell\Modules;C:\Program Files\WindowsPowerShell\Modules;C:\WINDOWS\system32\WindowsPowerShell\v1.0\Modules
[DEBUG] env.PUBLIC: C:\Users\Public
[DEBUG] env.PYTHONSTARTUP: c:\Users\betan\AppData\Roaming\Code\User\workspaceStorage\4f56dce8e14a1155ff2122a83ddf884f\ms-python.python\pythonrc.py
[DEBUG] env.PYTHON_BASIC_REPL: 1
[DEBUG] env.SESSIONNAME: Console
[DEBUG] env.SYSTEMDRIVE: C:
[DEBUG] env.SYSTEMROOT: C:\WINDOWS
[DEBUG] env.TEMP: C:\Users\betan\AppData\Local\Temp
[DEBUG] env.TERM_PROGRAM: vscode
[DEBUG] env.TERM_PROGRAM_VERSION: 1.112.0
[DEBUG] env.TMP: C:\Users\betan\AppData\Local\Temp
[DEBUG] env.USERDOMAIN: DANIELBETA
[DEBUG] env.USERDOMAIN_ROAMINGPROFILE: DANIELBETA
[DEBUG] env.USERNAME: betan
[DEBUG] env.USERPROFILE: C:\Users\betan
[DEBUG] env.VSCODE_A11Y_MODE: 0
[DEBUG] env.VSCODE_GIT_ASKPASS_EXTRA_ARGS: 
[DEBUG] env.VSCODE_GIT_ASKPASS_MAIN: c:\Users\betan\AppData\Roaming\Code\User\globalStorage\vscode.git\askpass\493597c785d4c5cb\askpass-main.js
[DEBUG] env.VSCODE_GIT_ASKPASS_NODE: D:\Microsoft VS Code\Code.exe
[DEBUG] env.VSCODE_GIT_IPC_HANDLE: \\.\pipe\vscode-git-838d06001a-sock
[DEBUG] env.VSCODE_INJECTION: 1
[DEBUG] env.VSCODE_JAVA_EXEC: C:\Program Files\Java\jdk-17\bin\java
[DEBUG] env.VSCODE_JDWP_ADAPTER_ENDPOINTS: c:\Users\betan\.vscode\extensions\vscjava.vscode-java-debug-0.58.2026012907\.noConfigDebugAdapterEndpoints\endpoint-4ab0e3820dc3d5c2.txt
[DEBUG] env.VSCODE_NONCE: 495cfa6a-f6c6-4e52-8631-cd3d37329e79
[DEBUG] env.VSCODE_PREVENT_SHELL_HISTORY: 1
[DEBUG] env.VSCODE_STABLE: 1
[DEBUG] env.WDIR: C:\
[DEBUG] env.WINDIR: C:\WINDOWS
[DEBUG] env.__PSLOCKDOWNPOLICY: 0
[DEBUG] file.encoding: Cp1252
[DEBUG] file.separator: \
[DEBUG] gson.version: 2.10.1
[DEBUG] java.class.path: C:\Program Files\Java\apache-maven-3.9.5\boot\plexus-classworlds-2.7.0.jar
[DEBUG] java.class.version: 61.0
[DEBUG] java.home: C:\Program Files\Java\jdk-17
[DEBUG] java.io.tmpdir: C:\Users\betan\AppData\Local\Temp\
[DEBUG] java.library.path: C:\Program Files\Java\jdk-17\bin;C:\WINDOWS\Sun\Java\bin;C:\WINDOWS\system32;C:\WINDOWS;c:\Users\betan\AppData\Roaming\Code\User\globalStorage\github.copilot-chat\debugCommand;c:\Users\betan\AppData\Roaming\Code\User\globalStorage\github.copilot-chat\copilotCli;D:\Microsoft VS Code;C:\Program Files\Java\jdk-17\bin;C:\Program Files (x86)\Razer Chroma SDK\bin;C:\Program Files\Razer Chroma SDK\bin;C:\Program Files (x86)\Razer\ChromaBroadcast\bin;C:\Program Files\Razer\ChromaBroadcast\bin;C:\Program Files (x86)\Common Files\Intel\Shared Libraries\redist\intel64\compiler;C:\Windows\system32;C:\Windows;C:\Windows\System32\Wbem;C:\Windows\System32\WindowsPowerShell\v1.0\;C:\Windows\System32\OpenSSH\;C:\Program Files\dotnet\;C:\Program Files\Microsoft SQL Server\120\Tools\Binn\;C:\Program Files\Common Files\Autodesk Shared\;C:\Windows\system32\config\systemprofile\AppData\Local\Microsoft\WindowsApps;C:\Program Files (x86)\dotnet\;C:\WINDOWS\system32;C:\WINDOWS;C:\WINDOWS\System32\Wbem;C:\WINDOWS\System32\WindowsPowerShell\v1.0\;C:\WINDOWS\System32\OpenSSH\;C:\Program Files\Java\apache-maven-3.9.5\bin;D:\;C:\Program Files\Docker\Docker\resources\bin;C:\Program Files\Calibre2\;C:\Program Files (x86)\Windows Kits\10\Windows Performance Toolkit\;C:\Program Files\Git\cmd;C:\Users\betan\AppData\Local\Microsoft\WindowsApps;;D:\Microsoft VS Code\bin;C:\Users\betan\AppData\Roaming\npm;c:\Users\betan\.vscode\extensions\vscjava.vscode-java-debug-0.58.2026012907\bundled\scripts\noConfigScripts;.
[DEBUG] java.runtime.name: Java(TM) SE Runtime Environment
[DEBUG] java.runtime.version: 17.0.9+11-LTS-201
[DEBUG] java.specification.name: Java Platform API Specification
[DEBUG] java.specification.vendor: Oracle Corporation
[DEBUG] java.specification.version: 17
[DEBUG] java.vendor: Oracle Corporation
[DEBUG] java.vendor.url: https://java.oracle.com/
[DEBUG] java.vendor.url.bug: https://bugreport.java.com/bugreport/
[DEBUG] java.version: 17.0.9
[DEBUG] java.version.date: 2023-10-17
[DEBUG] java.vm.compressedOopsMode: Zero based
[DEBUG] java.vm.info: mixed mode, sharing
[DEBUG] java.vm.name: Java HotSpot(TM) 64-Bit Server VM
[DEBUG] java.vm.specification.name: Java Virtual Machine Specification
[DEBUG] java.vm.specification.vendor: Oracle Corporation
[DEBUG] java.vm.specification.version: 17
[DEBUG] java.vm.vendor: Oracle Corporation
[DEBUG] java.vm.version: 17.0.9+11-LTS-201
[DEBUG] jdk.debug: release
[DEBUG] junit.version: 5.9.2
[DEBUG] library.jansi.path: C:\Program Files\Java\apache-maven-3.9.5\lib\jansi-native
[DEBUG] line.separator: 

[DEBUG] maven.build.timestamp: 2026-03-24T03:06:55Z
[DEBUG] maven.build.version: Apache Maven 3.9.5 (57804ffe001d7215b5e7bcb531cf83df38f93546)
[DEBUG] maven.compiler.encoding: UTF-8
[DEBUG] maven.compiler.source: 11
[DEBUG] maven.compiler.target: 11
[DEBUG] maven.conf: C:\Program Files\Java\apache-maven-3.9.5/conf
[DEBUG] maven.home: C:\Program Files\Java\apache-maven-3.9.5
[DEBUG] maven.multiModuleProjectDirectory: C:\Users\betan\weather-app
[DEBUG] maven.version: 3.9.5
[DEBUG] mockito.version: 5.2.0
[DEBUG] native.encoding: Cp1252
[DEBUG] os.arch: amd64
[DEBUG] os.name: Windows 11
[DEBUG] os.version: 10.0
[DEBUG] path.separator: ;
[DEBUG] project.baseUri: file:/C:/Users/betan/weather-app/
[DEBUG] project.build.sourceEncoding: UTF-8
[DEBUG] project.reporting.outputEncoding: UTF-8
[DEBUG] sun.arch.data.model: 64
[DEBUG] sun.boot.library.path: C:\Program Files\Java\jdk-17\bin
[DEBUG] sun.cpu.endian: little
[DEBUG] sun.cpu.isalist: amd64
[DEBUG] sun.io.unicode.encoding: UnicodeLittle
[DEBUG] sun.java.command: org.codehaus.plexus.classworlds.launcher.Launcher clean test -X
[DEBUG] sun.java.launcher: SUN_STANDARD
[DEBUG] sun.jnu.encoding: Cp1252
[DEBUG] sun.management.compiler: HotSpot 64-Bit Tiered Compilers
[DEBUG] sun.os.patch.level: 
[DEBUG] user.country: ES
[DEBUG] user.dir: C:\Users\betan\weather-app
[DEBUG] user.home: C:\Users\betan
[DEBUG] user.language: es
[DEBUG] user.name: betan
[DEBUG] user.script: 
[DEBUG] user.variant: 
[DEBUG] Using 'UTF-8' encoding to copy filtered resources.
[DEBUG] Using 'UTF-8' encoding to copy filtered properties files.
[DEBUG] resource with targetPath null
directory C:\Users\betan\weather-app\src\test\resources
excludes []
includes []
[INFO] skip non existing resourceDirectory C:\Users\betan\weather-app\src\test\resources
[DEBUG] no user filter components
[INFO] 
[INFO] --- compiler:3.10.1:testCompile (default-testCompile) @ weather-app ---
[DEBUG] Loading mojo org.apache.maven.plugins:maven-compiler-plugin:3.10.1:testCompile from plugin realm ClassRealm[plugin>org.apache.maven.plugins:maven-compiler-plugin:3.10.1, parent: jdk.internal.loader.ClassLoaders$AppClassLoader@73d16e93]
[DEBUG] Configuring mojo execution 'org.apache.maven.plugins:maven-compiler-plugin:3.10.1:testCompile:default-testCompile' with basic configurator -->
[DEBUG]   (f) basedir = C:\Users\betan\weather-app
[DEBUG]   (f) buildDirectory = C:\Users\betan\weather-app\target
[DEBUG]   (f) compileSourceRoots = [C:\Users\betan\weather-app\src\test\java]
[DEBUG]   (f) compilerId = javac
[DEBUG]   (f) createMissingPackageInfoClass = true
[DEBUG]   (f) debug = true
[DEBUG]   (f) debugFileName = javac-test
[DEBUG]   (f) enablePreview = false
[DEBUG]   (f) encoding = UTF-8
[DEBUG]   (f) failOnError = true
[DEBUG]   (f) failOnWarning = false
[DEBUG]   (f) forceJavacCompilerUse = false
[DEBUG]   (f) fork = false
[DEBUG]   (f) generatedTestSourcesDirectory = C:\Users\betan\weather-app\target\generated-test-sources\test-annotations
[DEBUG]   (f) mojoExecution = org.apache.maven.plugins:maven-compiler-plugin:3.10.1:testCompile {execution: default-testCompile}
[DEBUG]   (f) optimize = false
[DEBUG]   (f) outputDirectory = C:\Users\betan\weather-app\target\test-classes
[DEBUG]   (f) parameters = false
[DEBUG]   (f) project = MavenProject: com.weatherapp:weather-app:1.0.0 @ C:\Users\betan\weather-app\pom.xml
[DEBUG]   (f) session = org.apache.maven.execution.MavenSession@6d025d1d
[DEBUG]   (f) showDeprecation = false
[DEBUG]   (f) showWarnings = false
[DEBUG]   (f) skipMultiThreadWarning = false
[DEBUG]   (f) source = 11
[DEBUG]   (f) staleMillis = 0
[DEBUG]   (s) target = 11
[DEBUG]   (f) testPath = [C:\Users\betan\weather-app\target\test-classes, C:\Users\betan\weather-app\target\classes, C:\Users\betan\.m2\repository\com\google\code\gson\gson\2.10.1\gson-2.10.1.jar, C:\Users\betan\.m2\repository\org\junit\jupiter\junit-jupiter\5.9.2\junit-jupiter-5.9.2.jar, C:\Users\betan\.m2\repository\org\junit\jupiter\junit-jupiter-api\5.9.2\junit-jupiter-api-5.9.2.jar, C:\Users\betan\.m2\repository\org\opentest4j\opentest4j\1.2.0\opentest4j-1.2.0.jar, C:\Users\betan\.m2\repository\org\junit\platform\junit-platform-commons\1.9.2\junit-platform-commons-1.9.2.jar, C:\Users\betan\.m2\repository\org\apiguardian\apiguardian-api\1.1.2\apiguardian-api-1.1.2.jar, C:\Users\betan\.m2\repository\org\junit\jupiter\junit-jupiter-params\5.9.2\junit-jupiter-params-5.9.2.jar, C:\Users\betan\.m2\repository\org\junit\jupiter\junit-jupiter-engine\5.9.2\junit-jupiter-engine-5.9.2.jar, C:\Users\betan\.m2\repository\org\junit\platform\junit-platform-engine\1.9.2\junit-platform-engine-1.9.2.jar, C:\Users\betan\.m2\repository\org\mockito\mockito-core\5.2.0\mockito-core-5.2.0.jar, C:\Users\betan\.m2\repository\net\bytebuddy\byte-buddy\1.14.1\byte-buddy-1.14.1.jar, C:\Users\betan\.m2\repository\net\bytebuddy\byte-buddy-agent\1.14.1\byte-buddy-agent-1.14.1.jar, C:\Users\betan\.m2\repository\org\objenesis\objenesis\3.3\objenesis-3.3.jar, C:\Users\betan\.m2\repository\org\mockito\mockito-junit-jupiter\5.2.0\mockito-junit-jupiter-5.2.0.jar, C:\Users\betan\.m2\repository\org\slf4j\slf4j-api\2.0.4\slf4j-api-2.0.4.jar, C:\Users\betan\.m2\repository\ch\qos\logback\logback-classic\1.4.5\logback-classic-1.4.5.jar, C:\Users\betan\.m2\repository\ch\qos\logback\logback-core\1.4.5\logback-core-1.4.5.jar]
[DEBUG]   (f) useIncrementalCompilation = true
[DEBUG]   (f) verbose = false
[DEBUG] -- end configuration --
[DEBUG] Using compiler 'javac'.
[DEBUG] Adding C:\Users\betan\weather-app\target\generated-test-sources\test-annotations to test-compile source roots:
  C:\Users\betan\weather-app\src\test\java
[DEBUG] New test-compile source roots:
  C:\Users\betan\weather-app\src\test\java
  C:\Users\betan\weather-app\target\generated-test-sources\test-annotations
[DEBUG] CompilerReuseStrategy: reuseCreated
[DEBUG] useIncrementalCompilation enabled
[DEBUG] New dependency detected: C:\Users\betan\weather-app\target\classes
[INFO] Changes detected - recompiling the module!
[DEBUG] Classpath:
[DEBUG]  C:\Users\betan\weather-app\target\test-classes
[DEBUG]  C:\Users\betan\weather-app\target\classes
[DEBUG]  C:\Users\betan\.m2\repository\com\google\code\gson\gson\2.10.1\gson-2.10.1.jar
[DEBUG]  C:\Users\betan\.m2\repository\org\junit\jupiter\junit-jupiter\5.9.2\junit-jupiter-5.9.2.jar
[DEBUG]  C:\Users\betan\.m2\repository\org\junit\jupiter\junit-jupiter-api\5.9.2\junit-jupiter-api-5.9.2.jar
[DEBUG]  C:\Users\betan\.m2\repository\org\opentest4j\opentest4j\1.2.0\opentest4j-1.2.0.jar
[DEBUG]  C:\Users\betan\.m2\repository\org\junit\platform\junit-platform-commons\1.9.2\junit-platform-commons-1.9.2.jar
[DEBUG]  C:\Users\betan\.m2\repository\org\apiguardian\apiguardian-api\1.1.2\apiguardian-api-1.1.2.jar
[DEBUG]  C:\Users\betan\.m2\repository\org\junit\jupiter\junit-jupiter-params\5.9.2\junit-jupiter-params-5.9.2.jar
[DEBUG]  C:\Users\betan\.m2\repository\org\junit\jupiter\junit-jupiter-engine\5.9.2\junit-jupiter-engine-5.9.2.jar
[DEBUG]  C:\Users\betan\.m2\repository\org\junit\platform\junit-platform-engine\1.9.2\junit-platform-engine-1.9.2.jar
[DEBUG]  C:\Users\betan\.m2\repository\org\mockito\mockito-core\5.2.0\mockito-core-5.2.0.jar
[DEBUG]  C:\Users\betan\.m2\repository\net\bytebuddy\byte-buddy\1.14.1\byte-buddy-1.14.1.jar
[DEBUG]  C:\Users\betan\.m2\repository\net\bytebuddy\byte-buddy-agent\1.14.1\byte-buddy-agent-1.14.1.jar
[DEBUG]  C:\Users\betan\.m2\repository\org\objenesis\objenesis\3.3\objenesis-3.3.jar
[DEBUG]  C:\Users\betan\.m2\repository\org\mockito\mockito-junit-jupiter\5.2.0\mockito-junit-jupiter-5.2.0.jar
[DEBUG]  C:\Users\betan\.m2\repository\org\slf4j\slf4j-api\2.0.4\slf4j-api-2.0.4.jar
[DEBUG]  C:\Users\betan\.m2\repository\ch\qos\logback\logback-classic\1.4.5\logback-classic-1.4.5.jar
[DEBUG]  C:\Users\betan\.m2\repository\ch\qos\logback\logback-core\1.4.5\logback-core-1.4.5.jar
[DEBUG] Source roots:
[DEBUG]  C:\Users\betan\weather-app\src\test\java
[DEBUG]  C:\Users\betan\weather-app\target\generated-test-sources\test-annotations
[DEBUG] Command line options:
[DEBUG] -d C:\Users\betan\weather-app\target\test-classes -classpath C:\Users\betan\weather-app\target\test-classes;C:\Users\betan\weather-app\target\classes;C:\Users\betan\.m2\repository\com\google\code\gson\gson\2.10.1\gson-2.10.1.jar;C:\Users\betan\.m2\repository\org\junit\jupiter\junit-jupiter\5.9.2\junit-jupiter-5.9.2.jar;C:\Users\betan\.m2\repository\org\junit\jupiter\junit-jupiter-api\5.9.2\junit-jupiter-api-5.9.2.jar;C:\Users\betan\.m2\repository\org\opentest4j\opentest4j\1.2.0\opentest4j-1.2.0.jar;C:\Users\betan\.m2\repository\org\junit\platform\junit-platform-commons\1.9.2\junit-platform-commons-1.9.2.jar;C:\Users\betan\.m2\repository\org\apiguardian\apiguardian-api\1.1.2\apiguardian-api-1.1.2.jar;C:\Users\betan\.m2\repository\org\junit\jupiter\junit-jupiter-params\5.9.2\junit-jupiter-params-5.9.2.jar;C:\Users\betan\.m2\repository\org\junit\jupiter\junit-jupiter-engine\5.9.2\junit-jupiter-engine-5.9.2.jar;C:\Users\betan\.m2\repository\org\junit\platform\junit-platform-engine\1.9.2\junit-platform-engine-1.9.2.jar;C:\Users\betan\.m2\repository\org\mockito\mockito-core\5.2.0\mockito-core-5.2.0.jar;C:\Users\betan\.m2\repository\net\bytebuddy\byte-buddy\1.14.1\byte-buddy-1.14.1.jar;C:\Users\betan\.m2\repository\net\bytebuddy\byte-buddy-agent\1.14.1\byte-buddy-agent-1.14.1.jar;C:\Users\betan\.m2\repository\org\objenesis\objenesis\3.3\objenesis-3.3.jar;C:\Users\betan\.m2\repository\org\mockito\mockito-junit-jupiter\5.2.0\mockito-junit-jupiter-5.2.0.jar;C:\Users\betan\.m2\repository\org\slf4j\slf4j-api\2.0.4\slf4j-api-2.0.4.jar;C:\Users\betan\.m2\repository\ch\qos\logback\logback-classic\1.4.5\logback-classic-1.4.5.jar;C:\Users\betan\.m2\repository\ch\qos\logback\logback-core\1.4.5\logback-core-1.4.5.jar; -sourcepath C:\Users\betan\weather-app\src\test\java;C:\Users\betan\weather-app\target\generated-test-sources\test-annotations; -s C:\Users\betan\weather-app\target\generated-test-sources\test-annotations -g -nowarn -target 11 -source 11 -encoding UTF-8
[DEBUG] incrementalBuildHelper#beforeRebuildExecution
[INFO] Compiling 8 source files to C:\Users\betan\weather-app\target\test-classes
[DEBUG] incrementalBuildHelper#afterRebuildExecution
[INFO] 
[INFO] --- surefire:2.22.2:test (default-test) @ weather-app ---
[DEBUG] Using mirror maven-default-http-blocker (http://0.0.0.0/) for snapshots (http://snapshots.maven.codehaus.org/maven2).
[DEBUG] Using mirror maven-default-http-blocker (http://0.0.0.0/) for central (http://repo1.maven.org/maven2).
[DEBUG] Using mirror maven-default-http-blocker (http://0.0.0.0/) for codehaus.snapshots (http://snapshots.repository.codehaus.org).
[DEBUG] Dependency collection stats {ConflictMarker.analyzeTime=515100, ConflictMarker.markTime=416200, ConflictMarker.nodeCount=114, ConflictIdSorter.graphTime=190200, ConflictIdSorter.topsortTime=30800, ConflictIdSorter.conflictIdCount=37, ConflictIdSorter.conflictIdCycleCount=0, ConflictResolver.totalTime=1604100, ConflictResolver.conflictItemCount=79, DfDependencyCollector.collectTime=611244600, DfDependencyCollector.transformTime=2780800}
[DEBUG] org.apache.maven.plugins:maven-surefire-plugin:jar:2.22.2
[DEBUG]    org.apache.maven.surefire:maven-surefire-common:jar:2.22.2:compile
[DEBUG]       org.apache.maven:maven-plugin-api:jar:2.2.1:compile (version managed from default)
[DEBUG]       org.apache.maven.plugin-tools:maven-plugin-annotations:jar:3.5.2:compile (scope managed from default) (version managed from default)
[DEBUG]       org.apache.maven.surefire:surefire-api:jar:2.22.2:compile (version managed from default)
[DEBUG]          org.apache.maven.surefire:surefire-logger-api:jar:2.22.2:compile (version managed from default)
[DEBUG]       org.apache.maven.surefire:surefire-booter:jar:2.22.2:compile (version managed from default)
[DEBUG]       org.apache.maven:maven-artifact:jar:2.2.1:compile (version managed from default)
[DEBUG]          org.codehaus.plexus:plexus-utils:jar:1.5.15:compile
[DEBUG]       org.apache.maven:maven-plugin-descriptor:jar:2.2.1:compile (version managed from default)
[DEBUG]          org.codehaus.plexus:plexus-container-default:jar:1.0-alpha-9-stable-1:compile
[DEBUG]             junit:junit:jar:4.12:compile (version managed from default)
[DEBUG]                org.hamcrest:hamcrest-core:jar:1.3:compile
[DEBUG]       org.apache.maven:maven-project:jar:2.2.1:compile (version managed from default)
[DEBUG]          org.apache.maven:maven-settings:jar:2.2.1:compile (version managed from default)
[DEBUG]          org.apache.maven:maven-profile:jar:2.2.1:compile
[DEBUG]          org.apache.maven:maven-artifact-manager:jar:2.2.1:compile
[DEBUG]             backport-util-concurrent:backport-util-concurrent:jar:3.1:compile
[DEBUG]          org.apache.maven:maven-plugin-registry:jar:2.2.1:compile
[DEBUG]          org.codehaus.plexus:plexus-interpolation:jar:1.11:compile
[DEBUG]       org.apache.maven:maven-model:jar:2.2.1:compile (version managed from default)
[DEBUG]       org.apache.maven:maven-core:jar:2.2.1:compile (version managed from default) (exclusions managed from default)
[DEBUG]          org.apache.maven:maven-plugin-parameter-documenter:jar:2.2.1:compile
[DEBUG]          org.slf4j:slf4j-jdk14:jar:1.5.6:runtime
[DEBUG]             org.slf4j:slf4j-api:jar:1.5.6:runtime
[DEBUG]          org.slf4j:jcl-over-slf4j:jar:1.5.6:runtime
[DEBUG]          org.apache.maven.reporting:maven-reporting-api:jar:3.0:compile (version managed from default)
[DEBUG]          org.apache.maven:maven-repository-metadata:jar:2.2.1:compile
[DEBUG]          org.apache.maven:maven-error-diagnostics:jar:2.2.1:compile
[DEBUG]          org.apache.maven:maven-monitor:jar:2.2.1:compile
[DEBUG]          classworlds:classworlds:jar:1.1:compile
[DEBUG]          org.sonatype.plexus:plexus-sec-dispatcher:jar:1.3:compile
[DEBUG]             org.sonatype.plexus:plexus-cipher:jar:1.4:compile
[DEBUG]       org.apache.maven:maven-toolchain:jar:2.2.1:compile (version managed from default)
[DEBUG]       org.codehaus.plexus:plexus-java:jar:0.9.10:compile (version managed from default)
[DEBUG]          org.ow2.asm:asm:jar:6.2:compile
[DEBUG]          com.thoughtworks.qdox:qdox:jar:2.0-M8:compile
[DEBUG] Created new class realm plugin>org.apache.maven.plugins:maven-surefire-plugin:2.22.2
[DEBUG] Importing foreign packages into class realm plugin>org.apache.maven.plugins:maven-surefire-plugin:2.22.2
[DEBUG]   Imported:  < maven.api
[DEBUG] Populating class realm plugin>org.apache.maven.plugins:maven-surefire-plugin:2.22.2
[DEBUG]   Included: org.apache.maven.plugins:maven-surefire-plugin:jar:2.22.2
[DEBUG]   Included: org.apache.maven.surefire:maven-surefire-common:jar:2.22.2
[DEBUG]   Included: org.apache.maven.plugin-tools:maven-plugin-annotations:jar:3.5.2
[DEBUG]   Included: org.apache.maven.surefire:surefire-api:jar:2.22.2
[DEBUG]   Included: org.apache.maven.surefire:surefire-logger-api:jar:2.22.2
[DEBUG]   Included: org.apache.maven.surefire:surefire-booter:jar:2.22.2
[DEBUG]   Included: org.codehaus.plexus:plexus-utils:jar:1.5.15
[DEBUG]   Included: junit:junit:jar:4.12
[DEBUG]   Included: org.hamcrest:hamcrest-core:jar:1.3
[DEBUG]   Included: backport-util-concurrent:backport-util-concurrent:jar:3.1
[DEBUG]   Included: org.codehaus.plexus:plexus-interpolation:jar:1.11
[DEBUG]   Included: org.slf4j:slf4j-jdk14:jar:1.5.6
[DEBUG]   Included: org.slf4j:jcl-over-slf4j:jar:1.5.6
[DEBUG]   Included: org.apache.maven.reporting:maven-reporting-api:jar:3.0
[DEBUG]   Included: org.sonatype.plexus:plexus-sec-dispatcher:jar:1.3
[DEBUG]   Included: org.sonatype.plexus:plexus-cipher:jar:1.4
[DEBUG]   Included: org.codehaus.plexus:plexus-java:jar:0.9.10
[DEBUG]   Included: org.ow2.asm:asm:jar:6.2
[DEBUG]   Included: com.thoughtworks.qdox:qdox:jar:2.0-M8
[DEBUG] Loading mojo org.apache.maven.plugins:maven-surefire-plugin:2.22.2:test from plugin realm ClassRealm[plugin>org.apache.maven.plugins:maven-surefire-plugin:2.22.2, parent: jdk.internal.loader.ClassLoaders$AppClassLoader@73d16e93]
[DEBUG] Configuring mojo execution 'org.apache.maven.plugins:maven-surefire-plugin:2.22.2:test:default-test' with basic configurator -->
[DEBUG]   (s) additionalClasspathElements = []
[DEBUG]   (s) basedir = C:\Users\betan\weather-app
[DEBUG]   (s) childDelegation = false
[DEBUG]   (s) classesDirectory = C:\Users\betan\weather-app\target\classes
[DEBUG]   (s) classpathDependencyExcludes = []
[DEBUG]   (s) dependenciesToScan = []
[DEBUG]   (s) disableXmlReport = false
[DEBUG]   (s) enableAssertions = true
[DEBUG]   (s) encoding = UTF-8
[DEBUG]   (f) forkCount = 1
[DEBUG]   (s) forkMode = once
[DEBUG]   (s) forkedProcessExitTimeoutInSeconds = 30
[DEBUG]   (s) junitArtifactName = junit:junit
[DEBUG]   (s) junitPlatformArtifactName = org.junit.platform:junit-platform-engine
[DEBUG]   (s) localRepository =       id: local
      url: file:///C:/Users/betan/.m2/repository/
   layout: default
snapshots: [enabled => true, update => always]
 releases: [enabled => true, update => always]
   blocked: false

[DEBUG]   (f) parallelMavenExecution = false
[DEBUG]   (s) parallelOptimized = true
[DEBUG]   (s) perCoreThreadCount = true
[DEBUG]   (s) pluginArtifactMap = {org.apache.maven.plugins:maven-surefire-plugin=org.apache.maven.plugins:maven-surefire-plugin:maven-plugin:2.22.2:, org.apache.maven.surefire:maven-surefire-common=org.apache.maven.surefire:maven-surefire-common:jar:2.22.2:compile, org.apache.maven:maven-plugin-api=org.apache.maven:maven-plugin-api:jar:2.2.1:compile, org.apache.maven.plugin-tools:maven-plugin-annotations=org.apache.maven.plugin-tools:maven-plugin-annotations:jar:3.5.2:compile, org.apache.maven.surefire:surefire-api=org.apache.maven.surefire:surefire-api:jar:2.22.2:compile, org.apache.maven.surefire:surefire-logger-api=org.apache.maven.surefire:surefire-logger-api:jar:2.22.2:compile, org.apache.maven.surefire:surefire-booter=org.apache.maven.surefire:surefire-booter:jar:2.22.2:compile, org.apache.maven:maven-artifact=org.apache.maven:maven-artifact:jar:2.2.1:compile, org.codehaus.plexus:plexus-utils=org.codehaus.plexus:plexus-utils:jar:1.5.15:compile, org.apache.maven:maven-plugin-descriptor=org.apache.maven:maven-plugin-descriptor:jar:2.2.1:compile, org.codehaus.plexus:plexus-container-default=org.codehaus.plexus:plexus-container-default:jar:1.0-alpha-9-stable-1:compile, junit:junit=junit:junit:jar:4.12:compile, org.hamcrest:hamcrest-core=org.hamcrest:hamcrest-core:jar:1.3:compile, org.apache.maven:maven-project=org.apache.maven:maven-project:jar:2.2.1:compile, org.apache.maven:maven-settings=org.apache.maven:maven-settings:jar:2.2.1:compile, org.apache.maven:maven-profile=org.apache.maven:maven-profile:jar:2.2.1:compile, org.apache.maven:maven-artifact-manager=org.apache.maven:maven-artifact-manager:jar:2.2.1:compile, backport-util-concurrent:backport-util-concurrent=backport-util-concurrent:backport-util-concurrent:jar:3.1:compile, org.apache.maven:maven-plugin-registry=org.apache.maven:maven-plugin-registry:jar:2.2.1:compile, org.codehaus.plexus:plexus-interpolation=org.codehaus.plexus:plexus-interpolation:jar:1.11:compile, org.apache.maven:maven-model=org.apache.maven:maven-model:jar:2.2.1:compile, org.apache.maven:maven-core=org.apache.maven:maven-core:jar:2.2.1:compile, org.apache.maven:maven-plugin-parameter-documenter=org.apache.maven:maven-plugin-parameter-documenter:jar:2.2.1:compile, org.slf4j:slf4j-jdk14=org.slf4j:slf4j-jdk14:jar:1.5.6:runtime, org.slf4j:slf4j-api=org.slf4j:slf4j-api:jar:1.5.6:runtime, org.slf4j:jcl-over-slf4j=org.slf4j:jcl-over-slf4j:jar:1.5.6:runtime, org.apache.maven.reporting:maven-reporting-api=org.apache.maven.reporting:maven-reporting-api:jar:3.0:compile, org.apache.maven:maven-repository-metadata=org.apache.maven:maven-repository-metadata:jar:2.2.1:compile, org.apache.maven:maven-error-diagnostics=org.apache.maven:maven-error-diagnostics:jar:2.2.1:compile, org.apache.maven:maven-monitor=org.apache.maven:maven-monitor:jar:2.2.1:compile, classworlds:classworlds=classworlds:classworlds:jar:1.1:compile, org.sonatype.plexus:plexus-sec-dispatcher=org.sonatype.plexus:plexus-sec-dispatcher:jar:1.3:compile, org.sonatype.plexus:plexus-cipher=org.sonatype.plexus:plexus-cipher:jar:1.4:compile, org.apache.maven:maven-toolchain=org.apache.maven:maven-toolchain:jar:2.2.1:compile, org.codehaus.plexus:plexus-java=org.codehaus.plexus:plexus-java:jar:0.9.10:compile, org.ow2.asm:asm=org.ow2.asm:asm:jar:6.2:compile, com.thoughtworks.qdox:qdox=com.thoughtworks.qdox:qdox:jar:2.0-M8:compile}
[DEBUG]   (f) pluginDescriptor = Component Descriptor: role: 'org.apache.maven.plugin.Mojo', implementation: 'org.apache.maven.plugin.surefire.HelpMojo', role hint: 'org.apache.maven.plugins:maven-surefire-plugin:2.22.2:help'
role: 'org.apache.maven.plugin.Mojo', implementation: 'org.apache.maven.plugin.surefire.SurefirePlugin', role hint: 'org.apache.maven.plugins:maven-surefire-plugin:2.22.2:test'
---
[DEBUG]   (s) printSummary = true
[DEBUG]   (s) projectArtifactMap = {com.google.code.gson:gson=com.google.code.gson:gson:jar:2.10.1:compile, org.junit.jupiter:junit-jupiter=org.junit.jupiter:junit-jupiter:jar:5.9.2:test, org.junit.jupiter:junit-jupiter-api=org.junit.jupiter:junit-jupiter-api:jar:5.9.2:test, org.opentest4j:opentest4j=org.opentest4j:opentest4j:jar:1.2.0:test, org.junit.platform:junit-platform-commons=org.junit.platform:junit-platform-commons:jar:1.9.2:test, org.apiguardian:apiguardian-api=org.apiguardian:apiguardian-api:jar:1.1.2:test, org.junit.jupiter:junit-jupiter-params=org.junit.jupiter:junit-jupiter-params:jar:5.9.2:test, org.junit.jupiter:junit-jupiter-engine=org.junit.jupiter:junit-jupiter-engine:jar:5.9.2:test, org.junit.platform:junit-platform-engine=org.junit.platform:junit-platform-engine:jar:1.9.2:test, org.mockito:mockito-core=org.mockito:mockito-core:jar:5.2.0:test, net.bytebuddy:byte-buddy=net.bytebuddy:byte-buddy:jar:1.14.1:test, net.bytebuddy:byte-buddy-agent=net.bytebuddy:byte-buddy-agent:jar:1.14.1:test, org.objenesis:objenesis=org.objenesis:objenesis:jar:3.3:test, org.mockito:mockito-junit-jupiter=org.mockito:mockito-junit-jupiter:jar:5.2.0:test, org.slf4j:slf4j-api=org.slf4j:slf4j-api:jar:2.0.4:compile, ch.qos.logback:logback-classic=ch.qos.logback:logback-classic:jar:1.4.5:compile, ch.qos.logback:logback-core=ch.qos.logback:logback-core:jar:1.4.5:compile}
[DEBUG]   (s) projectBuildDirectory = C:\Users\betan\weather-app\target
[DEBUG]   (s) redirectTestOutputToFile = false
[DEBUG]   (s) remoteRepositories = [      id: central
      url: https://repo.maven.apache.org/maven2
   layout: default
snapshots: [enabled => false, update => daily]
 releases: [enabled => true, update => never]
   blocked: false
]
[DEBUG]   (s) reportFormat = brief
[DEBUG]   (s) reportsDirectory = C:\Users\betan\weather-app\target\surefire-reports
[DEBUG]   (f) rerunFailingTestsCount = 0
[DEBUG]   (f) reuseForks = true
[DEBUG]   (s) runOrder = filesystem
[DEBUG]   (f) shutdown = testset
[DEBUG]   (s) skip = false
[DEBUG]   (f) skipAfterFailureCount = 0
[DEBUG]   (s) skipTests = false
[DEBUG]   (s) suiteXmlFiles = []
[DEBUG]   (s) tempDir = surefire
[DEBUG]   (s) testClassesDirectory = C:\Users\betan\weather-app\target\test-classes
[DEBUG]   (s) testFailureIgnore = false
[DEBUG]   (s) testNGArtifactName = org.testng:testng
[DEBUG]   (s) testSourceDirectory = C:\Users\betan\weather-app\src\test\java
[DEBUG]   (s) threadCountClasses = 0
[DEBUG]   (s) threadCountMethods = 0
[DEBUG]   (s) threadCountSuites = 0
[DEBUG]   (s) trimStackTrace = true
[DEBUG]   (s) useFile = true
[DEBUG]   (s) useManifestOnlyJar = true
[DEBUG]   (s) useSystemClassLoader = true
[DEBUG]   (s) useUnlimitedThreads = false
[DEBUG]   (s) workingDirectory = C:\Users\betan\weather-app
[DEBUG]   (s) project = MavenProject: com.weatherapp:weather-app:1.0.0 @ C:\Users\betan\weather-app\pom.xml
[DEBUG]   (s) session = org.apache.maven.execution.MavenSession@6d025d1d
[DEBUG] -- end configuration --
[DEBUG] Surefire report directory: C:\Users\betan\weather-app\target\surefire-reports
[DEBUG] Setting system property [basedir]=[C:\Users\betan\weather-app]
[DEBUG] Setting system property [user.dir]=[C:\Users\betan\weather-app]
[DEBUG] Setting system property [localRepository]=[C:\Users\betan\.m2\repository]
[DEBUG] dummy:dummy:jar:1.0 (selected for null)
[DEBUG]   org.apache.maven.surefire:surefire-booter:jar:2.22.2:compile (selected for compile)
[DEBUG]     org.apache.maven.surefire:surefire-api:jar:2.22.2:compile (selected for compile)
[DEBUG]       org.apache.maven.surefire:surefire-logger-api:jar:2.22.2:compile (selected for compile)
[DEBUG] Adding to surefire booter test classpath: C:\Users\betan\.m2\repository\org\apache\maven\surefire\surefire-booter\2.22.2\surefire-booter-2.22.2.jar Scope: compile
[DEBUG] Adding to surefire booter test classpath: C:\Users\betan\.m2\repository\org\apache\maven\surefire\surefire-api\2.22.2\surefire-api-2.22.2.jar Scope: compile
[DEBUG] Adding to surefire booter test classpath: C:\Users\betan\.m2\repository\org\apache\maven\surefire\surefire-logger-api\2.22.2\surefire-logger-api-2.22.2.jar Scope: compile
[DEBUG] Using JVM: C:\Program Files\Java\jdk-17\bin\java with Java version 17
[DEBUG] dummy:dummy:jar:1.0 (selected for null)
[DEBUG]   org.apache.maven.surefire:surefire-junit-platform:jar:2.22.2:test (selected for test)
[DEBUG]     org.junit.platform:junit-platform-launcher:jar:1.3.1:test (selected for test)
[DEBUG]       org.apiguardian:apiguardian-api:jar:1.0.0:test (selected for test)
[DEBUG]       org.junit.platform:junit-platform-engine:jar:1.3.1:test (selected for test)
[DEBUG]         org.junit.platform:junit-platform-commons:jar:1.3.1:test (selected for test)
[DEBUG]         org.opentest4j:opentest4j:jar:1.1.1:test (selected for test)
[DEBUG]     org.apache.maven.surefire:surefire-api:jar:2.22.2:test (selected for test)
[DEBUG]       org.apache.maven.surefire:surefire-logger-api:jar:2.22.2:test (selected for test)
[DEBUG] Adding to surefire test classpath: C:\Users\betan\.m2\repository\org\apache\maven\surefire\surefire-junit-platform\2.22.2\surefire-junit-platform-2.22.2.jar Scope: test
[DEBUG] Adding to surefire test classpath: C:\Users\betan\.m2\repository\org\junit\platform\junit-platform-launcher\1.3.1\junit-platform-launcher-1.3.1.jar Scope: test
[DEBUG] Adding to surefire test classpath: C:\Users\betan\.m2\repository\org\apiguardian\apiguardian-api\1.0.0\apiguardian-api-1.0.0.jar Scope: test
[DEBUG] Adding to surefire test classpath: C:\Users\betan\.m2\repository\org\junit\platform\junit-platform-engine\1.3.1\junit-platform-engine-1.3.1.jar Scope: test
[DEBUG] Adding to surefire test classpath: C:\Users\betan\.m2\repository\org\junit\platform\junit-platform-commons\1.3.1\junit-platform-commons-1.3.1.jar Scope: test
[DEBUG] Adding to surefire test classpath: C:\Users\betan\.m2\repository\org\opentest4j\opentest4j\1.1.1\opentest4j-1.1.1.jar Scope: test
[DEBUG] Adding to surefire test classpath: C:\Users\betan\.m2\repository\org\apache\maven\surefire\surefire-api\2.22.2\surefire-api-2.22.2.jar Scope: test
[DEBUG] Adding to surefire test classpath: C:\Users\betan\.m2\repository\org\apache\maven\surefire\surefire-logger-api\2.22.2\surefire-logger-api-2.22.2.jar Scope: test
[DEBUG] Removed artifact org.opentest4j:opentest4j:jar:1.1.1:test from provider. Already appears in test classpath.
[DEBUG] Removed artifact org.junit.platform:junit-platform-commons:jar:1.3.1:test from provider. Already appears in test classpath.
[DEBUG] Removed artifact org.apiguardian:apiguardian-api:jar:1.0.0:test from provider. Already appears in test classpath.
[DEBUG] Removed artifact org.junit.platform:junit-platform-engine:jar:1.3.1:test from provider. Already appears in test classpath.
[DEBUG] test classpath:  C:\Users\betan\weather-app\target\test-classes  C:\Users\betan\weather-app\target\classes  C:\Users\betan\.m2\repository\com\google\code\gson\gson\2.10.1\gson-2.10.1.jar  C:\Users\betan\.m2\repository\org\junit\jupiter\junit-jupiter\5.9.2\junit-jupiter-5.9.2.jar  C:\Users\betan\.m2\repository\org\junit\jupiter\junit-jupiter-api\5.9.2\junit-jupiter-api-5.9.2.jar  C:\Users\betan\.m2\repository\org\opentest4j\opentest4j\1.2.0\opentest4j-1.2.0.jar  C:\Users\betan\.m2\repository\org\junit\platform\junit-platform-commons\1.9.2\junit-platform-commons-1.9.2.jar  C:\Users\betan\.m2\repository\org\apiguardian\apiguardian-api\1.1.2\apiguardian-api-1.1.2.jar  C:\Users\betan\.m2\repository\org\junit\jupiter\junit-jupiter-params\5.9.2\junit-jupiter-params-5.9.2.jar  C:\Users\betan\.m2\repository\org\junit\jupiter\junit-jupiter-engine\5.9.2\junit-jupiter-engine-5.9.2.jar  C:\Users\betan\.m2\repository\org\junit\platform\junit-platform-engine\1.9.2\junit-platform-engine-1.9.2.jar  C:\Users\betan\.m2\repository\org\mockito\mockito-core\5.2.0\mockito-core-5.2.0.jar  C:\Users\betan\.m2\repository\net\bytebuddy\byte-buddy\1.14.1\byte-buddy-1.14.1.jar  C:\Users\betan\.m2\repository\net\bytebuddy\byte-buddy-agent\1.14.1\byte-buddy-agent-1.14.1.jar  C:\Users\betan\.m2\repository\org\objenesis\objenesis\3.3\objenesis-3.3.jar  C:\Users\betan\.m2\repository\org\mockito\mockito-junit-jupiter\5.2.0\mockito-junit-jupiter-5.2.0.jar  C:\Users\betan\.m2\repository\org\slf4j\slf4j-api\2.0.4\slf4j-api-2.0.4.jar  C:\Users\betan\.m2\repository\ch\qos\logback\logback-classic\1.4.5\logback-classic-1.4.5.jar  C:\Users\betan\.m2\repository\ch\qos\logback\logback-core\1.4.5\logback-core-1.4.5.jar
[DEBUG] provider classpath:  C:\Users\betan\.m2\repository\org\apache\maven\surefire\surefire-junit-platform\2.22.2\surefire-junit-platform-2.22.2.jar  C:\Users\betan\.m2\repository\org\junit\platform\junit-platform-launcher\1.3.1\junit-platform-launcher-1.3.1.jar  C:\Users\betan\.m2\repository\org\apache\maven\surefire\surefire-api\2.22.2\surefire-api-2.22.2.jar  C:\Users\betan\.m2\repository\org\apache\maven\surefire\surefire-logger-api\2.22.2\surefire-logger-api-2.22.2.jar
[DEBUG] test(compact) classpath:  test-classes  classes  gson-2.10.1.jar  junit-jupiter-5.9.2.jar  junit-jupiter-api-5.9.2.jar  opentest4j-1.2.0.jar  junit-platform-commons-1.9.2.jar  apiguardian-api-1.1.2.jar  junit-jupiter-params-5.9.2.jar  junit-jupiter-engine-5.9.2.jar  junit-platform-engine-1.9.2.jar  mockito-core-5.2.0.jar  byte-buddy-1.14.1.jar  byte-buddy-agent-1.14.1.jar  objenesis-3.3.jar  mockito-junit-jupiter-5.2.0.jar  slf4j-api-2.0.4.jar  logback-classic-1.4.5.jar  logback-core-1.4.5.jar
[DEBUG] provider(compact) classpath:  surefire-junit-platform-2.22.2.jar  junit-platform-launcher-1.3.1.jar  surefire-api-2.22.2.jar  surefire-logger-api-2.22.2.jar
[DEBUG] in-process classpath:  C:\Users\betan\.m2\repository\org\apache\maven\surefire\surefire-junit-platform\2.22.2\surefire-junit-platform-2.22.2.jar  C:\Users\betan\.m2\repository\org\junit\platform\junit-platform-launcher\1.3.1\junit-platform-launcher-1.3.1.jar  C:\Users\betan\.m2\repository\org\apache\maven\surefire\surefire-api\2.22.2\surefire-api-2.22.2.jar  C:\Users\betan\.m2\repository\org\apache\maven\surefire\surefire-logger-api\2.22.2\surefire-logger-api-2.22.2.jar  C:\Users\betan\.m2\repository\org\apache\maven\surefire\maven-surefire-common\2.22.2\maven-surefire-common-2.22.2.jar
[DEBUG] in-process(compact) classpath:  surefire-junit-platform-2.22.2.jar  junit-platform-launcher-1.3.1.jar  surefire-api-2.22.2.jar  surefire-logger-api-2.22.2.jar  maven-surefire-common-2.22.2.jar
[INFO] 
[INFO] -------------------------------------------------------
[INFO]  T E S T S
[INFO] -------------------------------------------------------
[DEBUG] Determined Maven Process ID 30852
[DEBUG] boot classpath:  C:\Users\betan\.m2\repository\org\apache\maven\surefire\surefire-booter\2.22.2\surefire-booter-2.22.2.jar  C:\Users\betan\.m2\repository\org\apache\maven\surefire\surefire-api\2.22.2\surefire-api-2.22.2.jar  C:\Users\betan\.m2\repository\org\apache\maven\surefire\surefire-logger-api\2.22.2\surefire-logger-api-2.22.2.jar  C:\Users\betan\weather-app\target\test-classes  C:\Users\betan\weather-app\target\classes  C:\Users\betan\.m2\repository\com\google\code\gson\gson\2.10.1\gson-2.10.1.jar  C:\Users\betan\.m2\repository\org\junit\jupiter\junit-jupiter\5.9.2\junit-jupiter-5.9.2.jar  C:\Users\betan\.m2\repository\org\junit\jupiter\junit-jupiter-api\5.9.2\junit-jupiter-api-5.9.2.jar  C:\Users\betan\.m2\repository\org\opentest4j\opentest4j\1.2.0\opentest4j-1.2.0.jar  C:\Users\betan\.m2\repository\org\junit\platform\junit-platform-commons\1.9.2\junit-platform-commons-1.9.2.jar  C:\Users\betan\.m2\repository\org\apiguardian\apiguardian-api\1.1.2\apiguardian-api-1.1.2.jar  C:\Users\betan\.m2\repository\org\junit\jupiter\junit-jupiter-params\5.9.2\junit-jupiter-params-5.9.2.jar  C:\Users\betan\.m2\repository\org\junit\jupiter\junit-jupiter-engine\5.9.2\junit-jupiter-engine-5.9.2.jar  C:\Users\betan\.m2\repository\org\junit\platform\junit-platform-engine\1.9.2\junit-platform-engine-1.9.2.jar  C:\Users\betan\.m2\repository\org\mockito\mockito-core\5.2.0\mockito-core-5.2.0.jar  C:\Users\betan\.m2\repository\net\bytebuddy\byte-buddy\1.14.1\byte-buddy-1.14.1.jar  C:\Users\betan\.m2\repository\net\bytebuddy\byte-buddy-agent\1.14.1\byte-buddy-agent-1.14.1.jar  C:\Users\betan\.m2\repository\org\objenesis\objenesis\3.3\objenesis-3.3.jar  C:\Users\betan\.m2\repository\org\mockito\mockito-junit-jupiter\5.2.0\mockito-junit-jupiter-5.2.0.jar  C:\Users\betan\.m2\repository\org\slf4j\slf4j-api\2.0.4\slf4j-api-2.0.4.jar  C:\Users\betan\.m2\repository\ch\qos\logback\logback-classic\1.4.5\logback-classic-1.4.5.jar  C:\Users\betan\.m2\repository\ch\qos\logback\logback-core\1.4.5\logback-core-1.4.5.jar  C:\Users\betan\.m2\repository\org\apache\maven\surefire\surefire-junit-platform\2.22.2\surefire-junit-platform-2.22.2.jar  C:\Users\betan\.m2\repository\org\junit\platform\junit-platform-launcher\1.3.1\junit-platform-launcher-1.3.1.jar
[DEBUG] boot(compact) classpath:  surefire-booter-2.22.2.jar  surefire-api-2.22.2.jar  surefire-logger-api-2.22.2.jar  test-classes  classes  gson-2.10.1.jar  junit-jupiter-5.9.2.jar  junit-jupiter-api-5.9.2.jar  opentest4j-1.2.0.jar  junit-platform-commons-1.9.2.jar  apiguardian-api-1.1.2.jar  junit-jupiter-params-5.9.2.jar  junit-jupiter-engine-5.9.2.jar  junit-platform-engine-1.9.2.jar  mockito-core-5.2.0.jar  byte-buddy-1.14.1.jar  byte-buddy-agent-1.14.1.jar  objenesis-3.3.jar  mockito-junit-jupiter-5.2.0.jar  slf4j-api-2.0.4.jar  logback-classic-1.4.5.jar  logback-core-1.4.5.jar  surefire-junit-platform-2.22.2.jar  junit-platform-launcher-1.3.1.jar
[DEBUG] Forking command line: cmd.exe /X /C ""C:\Program Files\Java\jdk-17\bin\java" -jar C:\Users\betan\AppData\Local\Temp\surefire457166765172147948\surefirebooter12109790653281635560.jar C:\Users\betan\AppData\Local\Temp\surefire457166765172147948 2026-03-23T22-06-57_257-jvmRun1 surefire7458104898801364741tmp surefire_015317956434789968271tmp"
[INFO] Running com.weatherapp.client.OpenMeteoClientErrorTest
22:06:59.129 [main] WARN com.weatherapp.client.WeatherDataValidator - Validaci¾n de geolocalizaci¾n fallida: ? Longitud invßlida: -181,0000. Debe estar entre -180,0 y 180,0
22:06:59.152 [main] WARN com.weatherapp.client.WeatherDataValidator - Validaci¾n de geolocalizaci¾n fallida: ? Latitud invßlida: -91,0000. Debe estar entre -90,0 y 90,0
22:06:59.191 [main] WARN com.weatherapp.client.WeatherDataValidator - Validaci¾n de geolocalizaci¾n fallida: ? Longitud invßlida: 181,0000. Debe estar entre -180,0 y 180,0
22:06:59.200 [main] WARN com.weatherapp.client.WeatherDataValidator - Validaci¾n de geolocalizaci¾n fallida: ? Latitud invßlida: 91,0000. Debe estar entre -90,0 y 90,0
[INFO] Tests run: 26, Failures: 0, Errors: 0, Skipped: 0, Time elapsed: 0.532 s - in com.weatherapp.client.OpenMeteoClientErrorTest
[INFO] Running com.weatherapp.client.OpenMeteoClientGeocodeTest
22:06:59.204 [main] INFO com.weatherapp.client.OpenMeteoClient - Resolviendo ciudad: New York
22:06:59.204 [main] DEBUG com.weatherapp.client.OpenMeteoClient - Intento 1/3: GET https://geocoding-api.open-meteo.com/v1/search?name=New+York&language=es&limit=1
22:07:00.292 [main] DEBUG com.weatherapp.client.OpenMeteoClient - Respuesta exitosa (200 OK)
22:07:00.297 [main] DEBUG com.weatherapp.client.WeatherDataParser - Ciudad resuelta: York, Estados Unidos (40.86807, -97.592)
22:07:00.302 [main] INFO com.weatherapp.client.OpenMeteoClient - Resolviendo ciudad: Madrid
22:07:00.302 [main] DEBUG com.weatherapp.client.OpenMeteoClient - Intento 1/3: GET https://geocoding-api.open-meteo.com/v1/search?name=Madrid&language=es&limit=1
22:07:01.565 [main] DEBUG com.weatherapp.client.OpenMeteoClient - Respuesta exitosa (200 OK)
22:07:01.565 [main] DEBUG com.weatherapp.client.WeatherDataParser - Ciudad resuelta: Madrid, Espa±a (40.4165, -3.70256)
22:07:01.566 [main] INFO com.weatherapp.client.OpenMeteoClient - Resolviendo ciudad: London
22:07:01.566 [main] DEBUG com.weatherapp.client.OpenMeteoClient - Intento 1/3: GET https://geocoding-api.open-meteo.com/v1/search?name=London&language=es&limit=1
22:07:01.771 [main] DEBUG com.weatherapp.client.OpenMeteoClient - Respuesta exitosa (200 OK)
22:07:01.772 [main] DEBUG com.weatherapp.client.WeatherDataParser - Ciudad resuelta: Londres, Reino Unido (51.50853, -0.12574)
22:07:01.772 [main] INFO com.weatherapp.client.OpenMeteoClient - Resolviendo ciudad: Paris
22:07:01.772 [main] DEBUG com.weatherapp.client.OpenMeteoClient - Intento 1/3: GET https://geocoding-api.open-meteo.com/v1/search?name=Paris&language=es&limit=1
22:07:01.964 [main] DEBUG com.weatherapp.client.OpenMeteoClient - Respuesta exitosa (200 OK)
22:07:01.965 [main] DEBUG com.weatherapp.client.WeatherDataParser - Ciudad resuelta: ParÝs, Francia (48.85341, 2.3488)
22:07:01.965 [main] INFO com.weatherapp.client.OpenMeteoClient - Resolviendo ciudad: New York
22:07:01.965 [main] DEBUG com.weatherapp.client.OpenMeteoClient - Intento 1/3: GET https://geocoding-api.open-meteo.com/v1/search?name=New+York&language=es&limit=1
22:07:02.159 [main] DEBUG com.weatherapp.client.OpenMeteoClient - Respuesta exitosa (200 OK)
22:07:02.159 [main] DEBUG com.weatherapp.client.WeatherDataParser - Ciudad resuelta: York, Estados Unidos (40.86807, -97.592)
22:07:02.169 [main] INFO com.weatherapp.client.OpenMeteoClient - Resolviendo ciudad: SÒo Paulo
22:07:02.169 [main] DEBUG com.weatherapp.client.OpenMeteoClient - Intento 1/3: GET https://geocoding-api.open-meteo.com/v1/search?name=S%C3%A3o+Paulo&language=es&limit=1
22:07:02.865 [main] DEBUG com.weatherapp.client.OpenMeteoClient - Respuesta exitosa (200 OK)
22:07:02.865 [main] DEBUG com.weatherapp.client.WeatherDataParser - Ciudad resuelta: SÒo Paulo, Brasil (-23.5475, -46.63611)
22:07:02.869 [main] INFO com.weatherapp.client.OpenMeteoClient - Resolviendo ciudad: Madrid
22:07:02.869 [main] DEBUG com.weatherapp.client.OpenMeteoClient - Intento 1/3: GET https://geocoding-api.open-meteo.com/v1/search?name=Madrid&language=es&limit=1
22:07:03.577 [main] DEBUG com.weatherapp.client.OpenMeteoClient - Respuesta exitosa (200 OK)
22:07:03.577 [main] DEBUG com.weatherapp.client.WeatherDataParser - Ciudad resuelta: Madrid, Espa±a (40.4165, -3.70256)
22:07:03.586 [main] INFO com.weatherapp.client.OpenMeteoClient - Resolviendo ciudad: Nueva York
22:07:03.586 [main] DEBUG com.weatherapp.client.OpenMeteoClient - Intento 1/3: GET https://geocoding-api.open-meteo.com/v1/search?name=Nueva+York&language=es&limit=1
22:07:04.283 [main] DEBUG com.weatherapp.client.OpenMeteoClient - Respuesta exitosa (200 OK)
22:07:04.284 [main] DEBUG com.weatherapp.client.WeatherDataParser - Ciudad resuelta: Nueva York, Estados Unidos (40.71427, -74.00597)
22:07:04.287 [main] INFO com.weatherapp.client.OpenMeteoClient - Resolviendo ciudad: Mexico
22:07:04.287 [main] DEBUG com.weatherapp.client.OpenMeteoClient - Intento 1/3: GET https://geocoding-api.open-meteo.com/v1/search?name=Mexico&language=es&limit=1
22:07:04.996 [main] DEBUG com.weatherapp.client.OpenMeteoClient - Respuesta exitosa (200 OK)
22:07:04.996 [main] DEBUG com.weatherapp.client.WeatherDataParser - Ciudad resuelta: MÚxico, MÚxico (23.0, -102.0)
22:07:04.999 [main] INFO com.weatherapp.client.OpenMeteoClient - Resolviendo ciudad: Springfield
22:07:04.999 [main] DEBUG com.weatherapp.client.OpenMeteoClient - Intento 1/3: GET https://geocoding-api.open-meteo.com/v1/search?name=Springfield&language=es&limit=1
22:07:05.714 [main] DEBUG com.weatherapp.client.OpenMeteoClient - Respuesta exitosa (200 OK)
22:07:05.715 [main] DEBUG com.weatherapp.client.WeatherDataParser - Ciudad resuelta: Springfield, Estados Unidos (37.21533, -93.29824)
22:07:05.718 [main] INFO com.weatherapp.client.OpenMeteoClient - Resolviendo ciudad: Madrid
22:07:05.718 [main] DEBUG com.weatherapp.client.OpenMeteoClient - Intento 1/3: GET https://geocoding-api.open-meteo.com/v1/search?name=Madrid&language=es&limit=1
22:07:06.421 [main] DEBUG com.weatherapp.client.OpenMeteoClient - Respuesta exitosa (200 OK)
22:07:06.422 [main] DEBUG com.weatherapp.client.WeatherDataParser - Ciudad resuelta: Madrid, Espa±a (40.4165, -3.70256)
22:07:06.422 [main] INFO com.weatherapp.client.OpenMeteoClient - Resolviendo ciudad: Madrid
22:07:06.422 [main] DEBUG com.weatherapp.client.OpenMeteoClient - Intento 1/3: GET https://geocoding-api.open-meteo.com/v1/search?name=Madrid&language=es&limit=1
22:07:06.601 [main] DEBUG com.weatherapp.client.OpenMeteoClient - Respuesta exitosa (200 OK)
22:07:06.601 [main] DEBUG com.weatherapp.client.WeatherDataParser - Ciudad resuelta: Madrid, Espa±a (40.4165, -3.70256)
22:07:06.605 [main] INFO com.weatherapp.client.OpenMeteoClient - Resolviendo ciudad: Rio de Janeiro
22:07:06.605 [main] DEBUG com.weatherapp.client.OpenMeteoClient - Intento 1/3: GET https://geocoding-api.open-meteo.com/v1/search?name=Rio+de+Janeiro&language=es&limit=1
22:07:07.315 [main] DEBUG com.weatherapp.client.OpenMeteoClient - Respuesta exitosa (200 OK)
22:07:07.315 [main] DEBUG com.weatherapp.client.WeatherDataParser - Ciudad resuelta: RÝo de Janeiro, Brasil (-22.90642, -43.18223)
22:07:07.317 [main] INFO com.weatherapp.client.OpenMeteoClient - Resolviendo ciudad: Los Angeles
22:07:07.317 [main] DEBUG com.weatherapp.client.OpenMeteoClient - Intento 1/3: GET https://geocoding-api.open-meteo.com/v1/search?name=Los+Angeles&language=es&limit=1
22:07:08.049 [main] DEBUG com.weatherapp.client.OpenMeteoClient - Respuesta exitosa (200 OK)
22:07:08.049 [main] DEBUG com.weatherapp.client.WeatherDataParser - Ciudad resuelta: Los ┴ngeles, Estados Unidos (34.05223, -118.24368)
22:07:08.052 [main] INFO com.weatherapp.client.OpenMeteoClient - Resolviendo ciudad: London
22:07:08.052 [main] DEBUG com.weatherapp.client.OpenMeteoClient - Intento 1/3: GET https://geocoding-api.open-meteo.com/v1/search?name=London&language=es&limit=1
22:07:08.806 [main] DEBUG com.weatherapp.client.OpenMeteoClient - Respuesta exitosa (200 OK)
22:07:08.806 [main] DEBUG com.weatherapp.client.WeatherDataParser - Ciudad resuelta: Londres, Reino Unido (51.50853, -0.12574)
22:07:08.810 [main] INFO com.weatherapp.client.OpenMeteoClient - Resolviendo ciudad: Paris
22:07:08.810 [main] DEBUG com.weatherapp.client.OpenMeteoClient - Intento 1/3: GET https://geocoding-api.open-meteo.com/v1/search?name=Paris&language=es&limit=1
22:07:09.594 [main] DEBUG com.weatherapp.client.OpenMeteoClient - Respuesta exitosa (200 OK)
22:07:09.594 [main] DEBUG com.weatherapp.client.WeatherDataParser - Ciudad resuelta: ParÝs, Francia (48.85341, 2.3488)
22:07:09.597 [main] INFO com.weatherapp.client.OpenMeteoClient - Resolviendo ciudad: Madrid
22:07:09.597 [main] DEBUG com.weatherapp.client.OpenMeteoClient - Intento 1/3: GET https://geocoding-api.open-meteo.com/v1/search?name=Madrid&language=es&limit=1
22:07:10.295 [main] DEBUG com.weatherapp.client.OpenMeteoClient - Respuesta exitosa (200 OK)
22:07:10.295 [main] DEBUG com.weatherapp.client.WeatherDataParser - Ciudad resuelta: Madrid, Espa±a (40.4165, -3.70256)
22:07:10.299 [main] INFO com.weatherapp.client.OpenMeteoClient - Resolviendo ciudad: Tokyo
22:07:10.299 [main] DEBUG com.weatherapp.client.OpenMeteoClient - Intento 1/3: GET https://geocoding-api.open-meteo.com/v1/search?name=Tokyo&language=es&limit=1
22:07:11.051 [main] DEBUG com.weatherapp.client.OpenMeteoClient - Respuesta exitosa (200 OK)
22:07:11.051 [main] DEBUG com.weatherapp.client.WeatherDataParser - Ciudad resuelta: Tokio, Jap¾n (35.6895, 139.69171)
22:07:11.054 [main] INFO com.weatherapp.client.OpenMeteoClient - Resolviendo ciudad: Madrid
22:07:11.054 [main] DEBUG com.weatherapp.client.OpenMeteoClient - Intento 1/3: GET https://geocoding-api.open-meteo.com/v1/search?name=Madrid&language=es&limit=1
22:07:11.766 [main] DEBUG com.weatherapp.client.OpenMeteoClient - Respuesta exitosa (200 OK)
22:07:11.766 [main] DEBUG com.weatherapp.client.WeatherDataParser - Ciudad resuelta: Madrid, Espa±a (40.4165, -3.70256)
22:07:11.766 [main] INFO com.weatherapp.client.OpenMeteoClient - Resolviendo ciudad:   Madrid  
22:07:11.766 [main] DEBUG com.weatherapp.client.OpenMeteoClient - Intento 1/3: GET https://geocoding-api.open-meteo.com/v1/search?name=Madrid&language=es&limit=1
22:07:11.949 [main] DEBUG com.weatherapp.client.OpenMeteoClient - Respuesta exitosa (200 OK)
22:07:11.949 [main] DEBUG com.weatherapp.client.WeatherDataParser - Ciudad resuelta: Madrid, Espa±a (40.4165, -3.70256)
22:07:11.953 [main] INFO com.weatherapp.client.OpenMeteoClient - Resolviendo ciudad: Madrid
22:07:11.953 [main] DEBUG com.weatherapp.client.OpenMeteoClient - Intento 1/3: GET https://geocoding-api.open-meteo.com/v1/search?name=Madrid&language=es&limit=1
22:07:12.681 [main] DEBUG com.weatherapp.client.OpenMeteoClient - Respuesta exitosa (200 OK)
22:07:12.681 [main] DEBUG com.weatherapp.client.WeatherDataParser - Ciudad resuelta: Madrid, Espa±a (40.4165, -3.70256)
22:07:12.686 [main] INFO com.weatherapp.client.OpenMeteoClient - Resolviendo ciudad: Zurich
22:07:12.686 [main] DEBUG com.weatherapp.client.OpenMeteoClient - Intento 1/3: GET https://geocoding-api.open-meteo.com/v1/search?name=Zurich&language=es&limit=1
22:07:13.394 [main] DEBUG com.weatherapp.client.OpenMeteoClient - Respuesta exitosa (200 OK)
22:07:13.394 [main] DEBUG com.weatherapp.client.WeatherDataParser - Ciudad resuelta: Z·rich, Suiza (47.36667, 8.55)
22:07:13.399 [main] INFO com.weatherapp.client.OpenMeteoClient - Resolviendo ciudad: XYZ123NoExistsCity
22:07:13.399 [main] DEBUG com.weatherapp.client.OpenMeteoClient - Intento 1/3: GET https://geocoding-api.open-meteo.com/v1/search?name=XYZ123NoExistsCity&language=es&limit=1
22:07:14.116 [main] DEBUG com.weatherapp.client.OpenMeteoClient - Respuesta exitosa (200 OK)
[INFO] Tests run: 21, Failures: 0, Errors: 0, Skipped: 0, Time elapsed: 14.9 s - in com.weatherapp.client.OpenMeteoClientGeocodeTest
[INFO] Running com.weatherapp.client.OpenMeteoClientWeatherTest
22:07:14.121 [main] INFO com.weatherapp.client.OpenMeteoClient - Obteniendo datos climßticos para: Madrid
22:07:14.121 [main] DEBUG com.weatherapp.client.OpenMeteoClient - Intento 1/3: GET https://api.open-meteo.com/v1/forecast?latitude=40.4168&longitude=-3.7038&current=temperature_2m,apparent_temperature,relative_humidity_2m,weather_code&temperature_unit=celsius
22:07:15.131 [main] DEBUG com.weatherapp.client.OpenMeteoClient - Respuesta exitosa (200 OK)
22:07:15.131 [main] DEBUG com.weatherapp.client.WeatherDataParser - Clima obtenido: 7.1 - ?? Despejado
22:07:15.134 [main] INFO com.weatherapp.client.OpenMeteoClient - Obteniendo datos climßticos para: South Pole
22:07:15.134 [main] DEBUG com.weatherapp.client.OpenMeteoClient - Intento 1/3: GET https://api.open-meteo.com/v1/forecast?latitude=-90.0000&longitude=0.0000&current=temperature_2m,apparent_temperature,relative_humidity_2m,weather_code&temperature_unit=celsius
22:07:15.864 [main] DEBUG com.weatherapp.client.OpenMeteoClient - Respuesta exitosa (200 OK)
22:07:15.864 [main] DEBUG com.weatherapp.client.WeatherDataParser - Clima obtenido: -52.0 - ?? Mayormente despejado
22:07:15.866 [main] INFO com.weatherapp.client.OpenMeteoClient - Obteniendo datos climßticos para: Singapore
22:07:15.866 [main] DEBUG com.weatherapp.client.OpenMeteoClient - Intento 1/3: GET https://api.open-meteo.com/v1/forecast?latitude=1.3521&longitude=103.8198&current=temperature_2m,apparent_temperature,relative_humidity_2m,weather_code&temperature_unit=celsius
22:07:16.602 [main] DEBUG com.weatherapp.client.OpenMeteoClient - Respuesta exitosa (200 OK)
22:07:16.602 [main] DEBUG com.weatherapp.client.WeatherDataParser - Clima obtenido: 30.0 - ?? Parcialmente nublado
22:07:16.605 [main] INFO com.weatherapp.client.OpenMeteoClient - Obteniendo datos climßticos para: North Pole
22:07:16.605 [main] DEBUG com.weatherapp.client.OpenMeteoClient - Intento 1/3: GET https://api.open-meteo.com/v1/forecast?latitude=90.0000&longitude=0.0000&current=temperature_2m,apparent_temperature,relative_humidity_2m,weather_code&temperature_unit=celsius
22:07:17.337 [main] DEBUG com.weatherapp.client.OpenMeteoClient - Respuesta exitosa (200 OK)
22:07:17.338 [main] DEBUG com.weatherapp.client.WeatherDataParser - Clima obtenido: -22.1 - ?? Mayormente despejado
22:07:17.340 [main] INFO com.weatherapp.client.OpenMeteoClient - Obteniendo datos climßticos para: Madrid
22:07:17.340 [main] DEBUG com.weatherapp.client.OpenMeteoClient - Intento 1/3: GET https://api.open-meteo.com/v1/forecast?latitude=40.4168&longitude=-3.7038&current=temperature_2m,apparent_temperature,relative_humidity_2m,weather_code&temperature_unit=celsius
22:07:18.153 [main] DEBUG com.weatherapp.client.OpenMeteoClient - Respuesta exitosa (200 OK)
22:07:18.153 [main] DEBUG com.weatherapp.client.WeatherDataParser - Clima obtenido: 7.1 - ?? Despejado
22:07:18.156 [main] INFO com.weatherapp.client.OpenMeteoClient - Obteniendo datos climßticos para: Madrid
22:07:18.156 [main] DEBUG com.weatherapp.client.OpenMeteoClient - Intento 1/3: GET https://api.open-meteo.com/v1/forecast?latitude=40.4168&longitude=-3.7038&current=temperature_2m,apparent_temperature,relative_humidity_2m,weather_code&temperature_unit=celsius
22:07:18.929 [main] DEBUG com.weatherapp.client.OpenMeteoClient - Respuesta exitosa (200 OK)
22:07:18.929 [main] DEBUG com.weatherapp.client.WeatherDataParser - Clima obtenido: 7.1 - ?? Despejado
22:07:18.933 [main] INFO com.weatherapp.client.OpenMeteoClient - Obteniendo datos climßticos para: Madrid
22:07:18.933 [main] DEBUG com.weatherapp.client.OpenMeteoClient - Intento 1/3: GET https://api.open-meteo.com/v1/forecast?latitude=40.4168&longitude=-3.7038&current=temperature_2m,apparent_temperature,relative_humidity_2m,weather_code&temperature_unit=celsius
22:07:19.689 [main] DEBUG com.weatherapp.client.OpenMeteoClient - Respuesta exitosa (200 OK)
22:07:19.689 [main] DEBUG com.weatherapp.client.WeatherDataParser - Clima obtenido: 7.1 - ?? Despejado
22:07:19.693 [main] WARN com.weatherapp.client.WeatherDataValidator - Validaci¾n de geolocalizaci¾n fallida: ? Latitud invßlida: 91,0000. Debe estar entre -90,0 y 90,0
22:07:19.696 [main] INFO com.weatherapp.client.OpenMeteoClient - Obteniendo datos climßticos para: South Pole
22:07:19.696 [main] DEBUG com.weatherapp.client.OpenMeteoClient - Intento 1/3: GET https://api.open-meteo.com/v1/forecast?latitude=-90.0000&longitude=0.0000&current=temperature_2m,apparent_temperature,relative_humidity_2m,weather_code&temperature_unit=celsius
22:07:20.455 [main] DEBUG com.weatherapp.client.OpenMeteoClient - Respuesta exitosa (200 OK)
22:07:20.455 [main] DEBUG com.weatherapp.client.WeatherDataParser - Clima obtenido: -52.0 - ?? Mayormente despejado
22:07:20.458 [main] WARN com.weatherapp.client.WeatherDataValidator - Validaci¾n de geolocalizaci¾n fallida: ? Longitud invßlida: -181,0000. Debe estar entre -180,0 y 180,0
22:07:20.459 [main] INFO com.weatherapp.client.OpenMeteoClient - Obteniendo datos climßticos para: Date Line East
22:07:20.459 [main] DEBUG com.weatherapp.client.OpenMeteoClient - Intento 1/3: GET https://api.open-meteo.com/v1/forecast?latitude=0.0000&longitude=180.0000&current=temperature_2m,apparent_temperature,relative_humidity_2m,weather_code&temperature_unit=celsius
22:07:21.253 [main] DEBUG com.weatherapp.client.OpenMeteoClient - Respuesta exitosa (200 OK)
22:07:21.253 [main] DEBUG com.weatherapp.client.WeatherDataParser - Clima obtenido: 28.1 - ?? Mayormente despejado
22:07:21.256 [main] INFO com.weatherapp.client.OpenMeteoClient - Obteniendo datos climßticos para: Madrid
22:07:21.256 [main] DEBUG com.weatherapp.client.OpenMeteoClient - Intento 1/3: GET https://api.open-meteo.com/v1/forecast?latitude=40.4168&longitude=-3.7038&current=temperature_2m,apparent_temperature,relative_humidity_2m,weather_code&temperature_unit=celsius
22:07:22.091 [main] DEBUG com.weatherapp.client.OpenMeteoClient - Respuesta exitosa (200 OK)
22:07:22.091 [main] DEBUG com.weatherapp.client.WeatherDataParser - Clima obtenido: 7.1 - ?? Despejado
22:07:22.094 [main] INFO com.weatherapp.client.OpenMeteoClient - Obteniendo datos climßticos para: Madrid
22:07:22.094 [main] DEBUG com.weatherapp.client.OpenMeteoClient - Intento 1/3: GET https://api.open-meteo.com/v1/forecast?latitude=40.4168&longitude=-3.7038&current=temperature_2m,apparent_temperature,relative_humidity_2m,weather_code&temperature_unit=celsius
22:07:22.961 [main] DEBUG com.weatherapp.client.OpenMeteoClient - Respuesta exitosa (200 OK)
22:07:22.962 [main] DEBUG com.weatherapp.client.WeatherDataParser - Clima obtenido: 7.1 - ?? Despejado
22:07:22.962 [main] INFO com.weatherapp.client.OpenMeteoClient - Obteniendo datos climßticos para: Madrid
22:07:22.962 [main] DEBUG com.weatherapp.client.OpenMeteoClient - Intento 1/3: GET https://api.open-meteo.com/v1/forecast?latitude=40.4168&longitude=-3.7038&current=temperature_2m,apparent_temperature,relative_humidity_2m,weather_code&temperature_unit=celsius
22:07:23.166 [main] DEBUG com.weatherapp.client.OpenMeteoClient - Respuesta exitosa (200 OK)
22:07:23.166 [main] DEBUG com.weatherapp.client.WeatherDataParser - Clima obtenido: 7.1 - ?? Despejado
22:07:23.171 [main] INFO com.weatherapp.client.OpenMeteoClient - Obteniendo datos climßticos para: Madrid
22:07:23.171 [main] DEBUG com.weatherapp.client.OpenMeteoClient - Intento 1/3: GET https://api.open-meteo.com/v1/forecast?latitude=40.4168&longitude=-3.7038&current=temperature_2m,apparent_temperature,relative_humidity_2m,weather_code&temperature_unit=celsius
22:07:23.988 [main] DEBUG com.weatherapp.client.OpenMeteoClient - Respuesta exitosa (200 OK)
22:07:23.988 [main] DEBUG com.weatherapp.client.WeatherDataParser - Clima obtenido: 7.1 - ?? Despejado
22:07:23.988 [main] INFO com.weatherapp.client.OpenMeteoClient - Obteniendo datos climßticos para: Madrid
22:07:23.988 [main] DEBUG com.weatherapp.client.OpenMeteoClient - Intento 1/3: GET https://api.open-meteo.com/v1/forecast?latitude=40.4168&longitude=-3.7038&current=temperature_2m,apparent_temperature,relative_humidity_2m,weather_code&temperature_unit=fahrenheit
22:07:24.191 [main] DEBUG com.weatherapp.client.OpenMeteoClient - Respuesta exitosa (200 OK)
22:07:24.191 [main] DEBUG com.weatherapp.client.WeatherDataParser - Clima obtenido: 44.8 - ?? Despejado
22:07:24.198 [main] INFO com.weatherapp.client.OpenMeteoClient - Obteniendo datos climßticos para: Madrid
22:07:24.198 [main] DEBUG com.weatherapp.client.OpenMeteoClient - Intento 1/3: GET https://api.open-meteo.com/v1/forecast?latitude=40.4168&longitude=-3.7038&current=temperature_2m,apparent_temperature,relative_humidity_2m,weather_code&temperature_unit=celsius
22:07:24.959 [main] DEBUG com.weatherapp.client.OpenMeteoClient - Respuesta exitosa (200 OK)
22:07:24.959 [main] DEBUG com.weatherapp.client.WeatherDataParser - Clima obtenido: 7.1 - ?? Despejado
22:07:24.963 [main] WARN com.weatherapp.client.WeatherDataValidator - Validaci¾n de geolocalizaci¾n fallida: ? Longitud invßlida: 181,0000. Debe estar entre -180,0 y 180,0
22:07:24.966 [main] INFO com.weatherapp.client.OpenMeteoClient - Obteniendo datos climßticos para: Madrid
22:07:24.966 [main] DEBUG com.weatherapp.client.OpenMeteoClient - Intento 1/3: GET https://api.open-meteo.com/v1/forecast?latitude=40.4168&longitude=-3.7038&current=temperature_2m,apparent_temperature,relative_humidity_2m,weather_code&temperature_unit=celsius
22:07:25.728 [main] DEBUG com.weatherapp.client.OpenMeteoClient - Respuesta exitosa (200 OK)
22:07:25.729 [main] DEBUG com.weatherapp.client.WeatherDataParser - Clima obtenido: 7.1 - ?? Despejado
22:07:25.732 [main] INFO com.weatherapp.client.OpenMeteoClient - Obteniendo datos climßticos para: Madrid
22:07:25.732 [main] DEBUG com.weatherapp.client.OpenMeteoClient - Intento 1/3: GET https://api.open-meteo.com/v1/forecast?latitude=40.4168&longitude=-3.7038&current=temperature_2m,apparent_temperature,relative_humidity_2m,weather_code&temperature_unit=celsius
22:07:26.491 [main] DEBUG com.weatherapp.client.OpenMeteoClient - Respuesta exitosa (200 OK)
22:07:26.491 [main] DEBUG com.weatherapp.client.WeatherDataParser - Clima obtenido: 7.1 - ?? Despejado
22:07:26.494 [main] INFO com.weatherapp.client.OpenMeteoClient - Obteniendo datos climßticos para: Stockholm
22:07:26.494 [main] DEBUG com.weatherapp.client.OpenMeteoClient - Intento 1/3: GET https://api.open-meteo.com/v1/forecast?latitude=59.3293&longitude=18.0686&current=temperature_2m,apparent_temperature,relative_humidity_2m,weather_code&temperature_unit=celsius
22:07:27.242 [main] DEBUG com.weatherapp.client.OpenMeteoClient - Respuesta exitosa (200 OK)
22:07:27.242 [main] DEBUG com.weatherapp.client.WeatherDataParser - Clima obtenido: 3.7 - ?? Parcialmente nublado
22:07:27.248 [main] INFO com.weatherapp.client.OpenMeteoClient - Obteniendo datos climßticos para: London
22:07:27.248 [main] DEBUG com.weatherapp.client.OpenMeteoClient - Intento 1/3: GET https://api.open-meteo.com/v1/forecast?latitude=51.5074&longitude=-0.1278&current=temperature_2m,apparent_temperature,relative_humidity_2m,weather_code&temperature_unit=celsius
22:07:28.001 [main] DEBUG com.weatherapp.client.OpenMeteoClient - Respuesta exitosa (200 OK)
22:07:28.002 [main] DEBUG com.weatherapp.client.WeatherDataParser - Clima obtenido: 10.3 - ?? Parcialmente nublado
22:07:28.004 [main] INFO com.weatherapp.client.OpenMeteoClient - Obteniendo datos climßticos para: Madrid
22:07:28.004 [main] DEBUG com.weatherapp.client.OpenMeteoClient - Intento 1/3: GET https://api.open-meteo.com/v1/forecast?latitude=40.4168&longitude=-3.7038&current=temperature_2m,apparent_temperature,relative_humidity_2m,weather_code&temperature_unit=celsius
22:07:28.816 [main] DEBUG com.weatherapp.client.OpenMeteoClient - Respuesta exitosa (200 OK)
22:07:28.816 [main] DEBUG com.weatherapp.client.WeatherDataParser - Clima obtenido: 7.1 - ?? Despejado
22:07:28.816 [main] INFO com.weatherapp.client.OpenMeteoClient - Obteniendo datos climßticos para: Madrid
22:07:28.816 [main] DEBUG com.weatherapp.client.OpenMeteoClient - Intento 1/3: GET https://api.open-meteo.com/v1/forecast?latitude=40.4168&longitude=-3.7038&current=temperature_2m,apparent_temperature,relative_humidity_2m,weather_code&temperature_unit=kelvin
22:07:29.039 [main] WARN com.weatherapp.client.OpenMeteoClient - Error HTTP 400
22:07:29.039 [main] DEBUG com.weatherapp.client.OpenMeteoClient - Reintentando en 1000ms...
22:07:30.051 [main] DEBUG com.weatherapp.client.OpenMeteoClient - Intento 2/3: GET https://api.open-meteo.com/v1/forecast?latitude=40.4168&longitude=-3.7038&current=temperature_2m,apparent_temperature,relative_humidity_2m,weather_code&temperature_unit=kelvin
22:07:30.264 [main] WARN com.weatherapp.client.OpenMeteoClient - Error HTTP 400
22:07:30.264 [main] DEBUG com.weatherapp.client.OpenMeteoClient - Reintentando en 2000ms...
